INFO:root:PRIMI 20 RECORD
+------------------+---------------+--------------------------------------------------------------------------------------------------------------------------------------------+-------------------------------------------------------------------------------------------------------------------------------------------------+------------------------------+-------------------------------------------------------------------------------------------------------------------------------------------------------------------------------------------------------------------------------------------------------------------------------------------------------------------------------------------------------------------------------------------------------------------------------------------------------------------------------------------------------------------------------------------------------------------------------------------------------------------------------------------------------------------------------------------------------------------------------------------------------------------------------------------------------------------------------------------------------------------------------------------------------------------------------------------------------------------------------------------------------------------------------------------------------------------------------------------------------------------------------------------------------------------------------------------------------------------------------------------------------------------------------------------------------------------------------------------------------------------------------------------------------------------------------------------------------------------------------------------------------------------------------------------------------------------------------------------------------------------------------------------------------------------------------------------------------------------------------------------------------------------------------------------------------------------------------------------------------------------------------------------------------------------------------------------------------------------------------------------------------------------------------------------------------------------------------------------------------------------------------------------------------------------------------------------------------------------------------------------------------------------------------------------------------------------------------------------------------------------------------------------------------------------------------------------------------------------------------------------------------------------------------------------------------------------------------------------------------------------------------------------------------------------------------------------------------------------------------------------------------------------------------------------------------------------------------------------------------------------------------------------------------------------------------------------------------------------------------------------------------------------------------------------------------------------------------------------------------------------------------------------------------------------------------------------------------------------------------------------------------------------------------------------------------------------------------------------------------------------------------------------------------------------------------------------------------------------------------------------------------------------------------------------------------------------------------------------------------------------------------------------------------------------------------------------------------------------------------------------------------------------------------------------------------+-------------------------+
|id                |name           |text                                                                                                                                        |full_text                                                                                                                                        |created_at                    |retweeted_status                                                                                                                                                                                                                                                                                                                                                                                                                                                                                                                                                                                                                                                                                                                                                                                                                                                                                                                                                                                                                                                                                                                                                                                                                                                                                                                                                                                                                                                                                                                                                                                                                                                                                                                                                                                                                                                                                                                                                                                                                                                                                                                                                                                                                                                                                                                                                                                                                                                                                                                                                                                                                                                                                                                                                                                                                                                                                                                                                                                                                                                                                                                                                                                                                                                                                                                                                                                                                                                                                                                                                                                                                                                                                                                                                                                       |aidr_label               |
+------------------+---------------+--------------------------------------------------------------------------------------------------------------------------------------------+-------------------------------------------------------------------------------------------------------------------------------------------------+------------------------------+-------------------------------------------------------------------------------------------------------------------------------------------------------------------------------------------------------------------------------------------------------------------------------------------------------------------------------------------------------------------------------------------------------------------------------------------------------------------------------------------------------------------------------------------------------------------------------------------------------------------------------------------------------------------------------------------------------------------------------------------------------------------------------------------------------------------------------------------------------------------------------------------------------------------------------------------------------------------------------------------------------------------------------------------------------------------------------------------------------------------------------------------------------------------------------------------------------------------------------------------------------------------------------------------------------------------------------------------------------------------------------------------------------------------------------------------------------------------------------------------------------------------------------------------------------------------------------------------------------------------------------------------------------------------------------------------------------------------------------------------------------------------------------------------------------------------------------------------------------------------------------------------------------------------------------------------------------------------------------------------------------------------------------------------------------------------------------------------------------------------------------------------------------------------------------------------------------------------------------------------------------------------------------------------------------------------------------------------------------------------------------------------------------------------------------------------------------------------------------------------------------------------------------------------------------------------------------------------------------------------------------------------------------------------------------------------------------------------------------------------------------------------------------------------------------------------------------------------------------------------------------------------------------------------------------------------------------------------------------------------------------------------------------------------------------------------------------------------------------------------------------------------------------------------------------------------------------------------------------------------------------------------------------------------------------------------------------------------------------------------------------------------------------------------------------------------------------------------------------------------------------------------------------------------------------------------------------------------------------------------------------------------------------------------------------------------------------------------------------------------------------------------------------------------------------+-------------------------+
|908849263010025473|zac            |RT @GrandBoulevard: Shop for a cause! @vineyardvines is donating 20% of all profits on Saturday, September 16 to #HurricaneHarvey &amp;…    |NULL                                                                                                                                             |Sat Sep 16 00:25:24 +0000 2017|{NULL, NULL, Fri Sep 15 20:44:01 +0000 2017, [0, 140], {[{[93, 109], HurricaneHarvey}], NULL, [], [{twitter.com/i/web/status/9…, https://twitter.com/i/web/status/908793549315076097, [117, 140], https://t.co/Qa7LO5Zs8A}], [{16440762, 16440762, [18, 32], vineyard vines, vineyardvines}]}, NULL, {[0, 138], {[{[93, 109], HurricaneHarvey}, {[116, 130], HurricaneIrma}], [{NULL, pic.twitter.com/Jtfzto3Abe, https://twitter.com/GrandBoulevard/status/908793549315076097/photo/1, 908793530495025152, 908793530495025152, [139, 162], http://pbs.twimg.com/media/DJyu5qdUQAA6jLK.jpg, https://pbs.twimg.com/media/DJyu5qdUQAA6jLK.jpg, {{660, fit, 660}, {660, fit, 660}, {660, fit, 660}, {150, crop, 150}}, photo, https://t.co/Jtfzto3Abe, NULL}], [], [], [{16440762, 16440762, [18, 32], vineyard vines, vineyardvines}]}, {[{NULL, pic.twitter.com/Jtfzto3Abe, https://twitter.com/GrandBoulevard/status/908793549315076097/photo/1, 908793530495025152, 908793530495025152, [139, 162], http://pbs.twimg.com/media/DJyu5qdUQAA6jLK.jpg, https://pbs.twimg.com/media/DJyu5qdUQAA6jLK.jpg, {{660, fit, 660}, {660, fit, 660}, {660, fit, 660}, {150, crop, 150}}, photo, https://t.co/Jtfzto3Abe, NULL}]}, Shop for a cause! @vineyardvines is donating 20% of all profits on Saturday, September 16 to #HurricaneHarvey &amp; #HurricaneIrma relief. https://t.co/Jtfzto3Abe}, 11, false, low, NULL, 908793549315076097, 908793549315076097, NULL, NULL, NULL, NULL, NULL, false, en, NULL, false, 0, NULL, NULL, NULL, 0, 8, false, NULL, <a href="http://twitter.com" rel="nofollow">Twitter Web Client</a>, Shop for a cause! @vineyardvines is donating 20% of all profits on Saturday, September 16 to #HurricaneHarvey &amp;… https://t.co/Qa7LO5Zs8A, true, {false, Thu Mar 19 20:18:50 +0000 2009, false, false, A distinct town center featuring premier retail shops, award winning restaurants, hotels and a state of the art movie theatre, 826, NULL, 4080, NULL, 1897, true, 25375857, 25375857, false, en, 61, Miramar Beach, Florida, Grand Boulevard, NULL, 9AE4E8, http://pbs.twimg.com/profile_background_images/75500871/twitterBackground.png, https://pbs.twimg.com/profile_background_images/75500871/twitterBackground.png, false, https://pbs.twimg.com/profile_banners/25375857/1490045024, http://pbs.twimg.com/profile_images/843841529554919425/KZ0kOIad_normal.jpg, https://pbs.twimg.com/profile_images/843841529554919425/KZ0kOIad_normal.jpg, 4F1F0A, C3D6DD, E3F4FB, 6A2503, true, false, GrandBoulevard, 4239, Central Time (US & Canada), none, http://www.grandboulevard.com, -18000, false}, NULL}                                                                                                                                                                                                                                                                                                                                                                                                                                                                                                                                                                                                                                                                                                                                                                                                                                                                                                                                                                                                                                                                                                                                                   |donation_and_volunteering|
|908849281322278912|RD Country     |RT @RedDirt_Roots: Tune in: Star-studded Hurricane Harvey benefit concert coming to Austin https://t.co/0Ryr96vtJs                          |NULL                                                                                                                                             |Sat Sep 16 00:25:28 +0000 2017|{NULL, NULL, Fri Sep 15 20:22:41 +0000 2017, NULL, {[], NULL, [], [{houston.culturemap.com/news/entertain…, http://houston.culturemap.com/news/entertainment/09-14-17-tune-in-star-studded-hurricane-harvey-benefit-concert-coming-to-austin/, [72, 95], https://t.co/0Ryr96vtJs}], []}, NULL, NULL, 12, false, low, NULL, 908788182967136256, 908788182967136256, NULL, NULL, NULL, NULL, NULL, false, en, NULL, false, 0, NULL, NULL, NULL, 0, 7, false, NULL, <a href="http://twitter.com/download/android" rel="nofollow">Twitter for Android</a>, Tune in: Star-studded Hurricane Harvey benefit concert coming to Austin https://t.co/0Ryr96vtJs, false, {false, Sun Jun 19 20:57:28 +0000 2016, true, false, Red Dirt, Outlaw Country & Americana Roots Music News., 50693, NULL, 21356, NULL, 21630, true, 744635229269172224, 744635229269172224, false, en, 260, NULL, RD Country, NULL, F5F8FA, , , false, https://pbs.twimg.com/profile_banners/744635229269172224/1504231665, http://pbs.twimg.com/profile_images/883886940864389120/LxM_rp2A_normal.jpg, https://pbs.twimg.com/profile_images/883886940864389120/LxM_rp2A_normal.jpg, 1DA1F2, C0DEED, DDEEF6, 333333, true, false, RedDirt_Roots, 25145, Pacific Time (US & Canada), none, NULL, -25200, false}, NULL}                                                                                                                                                                                                                                                                                                                                                                                                                                                                                                                                                                                                                                                                                                                                                                                                                                                                                                                                                                                                                                                                                                                                                                                                                                                                                                                                                                                                                                                                                                                                                                                                                                                                                                                                                                                                                                                                                                                                                                                                                                                                                                                                                                                                                                                                                                                                                                                                                                                                                                                   |relevant_information     |
|908849288905605120|Eden           |Really proud to have been a part of this! Happy we raised so much money for #HurricaneHarvey relief! I love you… https://t.co/j6MMSh94Wv    |Really proud to have been a part of this! Happy we raised so much money for #HurricaneHarvey relief! I love you #texas Ὁ5 https://t.co/S9kAOU8pHS|Sat Sep 16 00:25:30 +0000 2017|NULL                                                                                                                                                                                                                                                                                                                                                                                                                                                                                                                                                                                                                                                                                                                                                                                                                                                                                                                                                                                                                                                                                                                                                                                                                                                                                                                                                                                                                                                                                                                                                                                                                                                                                                                                                                                                                                                                                                                                                                                                                                                                                                                                                                                                                                                                                                                                                                                                                                                                                                                                                                                                                                                                                                                                                                                                                                                                                                                                                                                                                                                                                                                                                                                                                                                                                                                                                                                                                                                                                                                                                                                                                                                                                                                                                                                                   |donation_and_volunteering|
|908849295062843392|ARZ            |RT @darrenrovell: Incredible: @JJWatt has ended his Hurricane Harvey Fund. He raised $35,882,489 -- 179 times his original goal -- fr…      |NULL                                                                                                                                             |Sat Sep 16 00:25:32 +0000 2017|{NULL, NULL, Fri Sep 15 22:07:19 +0000 2017, [0, 140], {[], NULL, [], [{twitter.com/i/web/status/9…, https://twitter.com/i/web/status/908814511984934912, [117, 140], https://t.co/kVJnw0jOxr}], [{131948686, 131948686, [12, 19], JJ Watt, JJWatt}]}, NULL, {[0, 133], {[], [{NULL, pic.twitter.com/eEnfoMPeS5, https://twitter.com/darrenrovell/status/908814511984934912/photo/1, 908814505089499136, 908814505089499136, [134, 157], http://pbs.twimg.com/media/DJzB-i6VAAADHKF.jpg, https://pbs.twimg.com/media/DJzB-i6VAAADHKF.jpg, {{374, fit, 612}, {374, fit, 612}, {374, fit, 612}, {150, crop, 150}}, photo, https://t.co/eEnfoMPeS5, NULL}], [], [], [{131948686, 131948686, [12, 19], JJ Watt, JJWatt}]}, {[{NULL, pic.twitter.com/eEnfoMPeS5, https://twitter.com/darrenrovell/status/908814511984934912/photo/1, 908814505089499136, 908814505089499136, [134, 157], http://pbs.twimg.com/media/DJzB-i6VAAADHKF.jpg, https://pbs.twimg.com/media/DJzB-i6VAAADHKF.jpg, {{374, fit, 612}, {374, fit, 612}, {374, fit, 612}, {150, crop, 150}}, photo, https://t.co/eEnfoMPeS5, NULL}]}, Incredible: @JJWatt has ended his Hurricane Harvey Fund. He raised $35,882,489 -- 179 times his original goal -- from 209,405 donors. https://t.co/eEnfoMPeS5}, 4809, false, low, NULL, 908814511984934912, 908814511984934912, NULL, NULL, NULL, NULL, NULL, false, en, NULL, false, 171, NULL, NULL, NULL, 67, 2012, false, NULL, <a href="http://twitter.com/download/iphone" rel="nofollow">Twitter for iPhone</a>, Incredible: @JJWatt has ended his Hurricane Harvey Fund. He raised $35,882,489 -- 179 times his original goal -- fr… https://t.co/kVJnw0jOxr, true, {false, Fri Mar 13 23:11:21 +0000 2009, false, false, ESPN Sports Business Reporter. Instagram: @darrenrovell, 1896, NULL, 1889885, NULL, 2380, true, 24277551, 24277551, false, en, 11711, NYC & Bristol, CT, Darren Rovell, NULL, FF0000, http://pbs.twimg.com/profile_background_images/735955002/3f56ed474f1a65fe20a4df97c9c656e6.png, https://pbs.twimg.com/profile_background_images/735955002/3f56ed474f1a65fe20a4df97c9c656e6.png, true, https://pbs.twimg.com/profile_banners/24277551/1459256465, http://pbs.twimg.com/profile_images/846459635964018688/z_OlS8C3_normal.jpg, https://pbs.twimg.com/profile_images/846459635964018688/z_OlS8C3_normal.jpg, 161A18, FFFFFF, E6EAEF, 333333, true, false, darrenrovell, 129468, Eastern Time (US & Canada), none, http://www.darrenrovell.com, -14400, true}, NULL}                                                                                                                                                                                                                                                                                                                                                                                                                                                                                                                                                                                                                                                                                                                                                                                                                                                                                                                                                                                                                                                                                                                                                                                                                                                                                           |relevant_information     |
|908849305955524608|Claire         |RT @CPA_Trendlines: #ACCOUNTANT #TECH: Learning from Hurricanes Harvey and Irma https://t.co/94SmW3CwiW https://t.co/dGgF0QC2iU             |NULL                                                                                                                                             |Sat Sep 16 00:25:34 +0000 2017|{NULL, NULL, Sat Sep 16 00:25:34 +0000 2017, [0, 83], {[{[0, 11], ACCOUNTANT}, {[12, 17], TECH}], [{NULL, pic.twitter.com/dGgF0QC2iU, https://twitter.com/CPA_Trendlines/status/908849304411893760/photo/1, 908849302134439936, 908849302134439936, [84, 107], http://pbs.twimg.com/media/DJzhoAAVwAAOyRV.jpg, https://pbs.twimg.com/media/DJzhoAAVwAAOyRV.jpg, {{232, fit, 232}, {232, fit, 232}, {232, fit, 232}, {150, crop, 150}}, NULL, NULL, NULL, NULL, photo, https://t.co/dGgF0QC2iU}], [], [{dlvr.it/PnJntj, http://dlvr.it/PnJntj, [60, 83], https://t.co/94SmW3CwiW}], []}, {[{NULL, pic.twitter.com/dGgF0QC2iU, https://twitter.com/CPA_Trendlines/status/908849304411893760/photo/1, 908849302134439936, 908849302134439936, [84, 107], http://pbs.twimg.com/media/DJzhoAAVwAAOyRV.jpg, https://pbs.twimg.com/media/DJzhoAAVwAAOyRV.jpg, {{232, fit, 232}, {232, fit, 232}, {232, fit, 232}, {150, crop, 150}}, NULL, NULL, NULL, NULL, photo, https://t.co/dGgF0QC2iU, NULL}]}, NULL, 0, false, low, NULL, 908849304411893760, 908849304411893760, NULL, NULL, NULL, NULL, NULL, false, en, NULL, false, 0, NULL, NULL, NULL, 0, 1, false, NULL, <a href="https://dlvrit.com/" rel="nofollow">dlvr.it</a>, #ACCOUNTANT #TECH: Learning from Hurricanes Harvey and Irma https://t.co/94SmW3CwiW https://t.co/dGgF0QC2iU, false, {false, Thu Jan 15 16:50:36 +0000 2009, false, false, Live links to breaking news for tax, accounting and finance professionals. Sign up for free email updates at http://cpaclick.com/4alerts, 4, NULL, 24381, NULL, 1396, false, 19028281, 19028281, false, en, 948, NULL, Rick Telberg, NULL, 9AE4E8, http://pbs.twimg.com/profile_background_images/4303941/fantasy2.jpg, https://pbs.twimg.com/profile_background_images/4303941/fantasy2.jpg, false, https://pbs.twimg.com/profile_banners/19028281/1401355254, http://pbs.twimg.com/profile_images/615546039089659905/aMxgFiTe_normal.jpg, https://pbs.twimg.com/profile_images/615546039089659905/aMxgFiTe_normal.jpg, 0084B4, BDDCAD, DDFFCC, 333333, true, false, CPA_Trendlines, 95466, Eastern Time (US & Canada), none, http://cpatrendlines.com, -14400, false}, NULL}                                                                                                                                                                                                                                                                                                                                                                                                                                                                                                                                                                                                                                                                                                                                                                                                                                                                                                                                                                                                                                                                                                                                                                                                                                                                                                                                                                                                                                                                                                                                                                                                                     |not_related_or_irrelevant|
|908849467679535104|Боря Гусев     |RT @belugasolar: Hurricane Harvey Was A Once In 25,000 Year Storm #belugasolar https://t.co/a6bfMVBbjd                                      |NULL                                                                                                                                             |Sat Sep 16 00:26:13 +0000 2017|{NULL, NULL, Fri Sep 15 23:07:56 +0000 2017, NULL, {[{[49, 61], belugasolar}], NULL, [], [{cleantechnica.com/2017/09/15/hur…, http://cleantechnica.com/2017/09/15/hurricane-harvey-25000-year-storm/, [62, 85], https://t.co/a6bfMVBbjd}], []}, NULL, NULL, 0, false, low, NULL, 908829765695623169, 908829765695623169, NULL, NULL, NULL, NULL, NULL, false, en, NULL, false, 0, NULL, NULL, NULL, 0, 708, false, NULL, <a href="https://eclincher.com" rel="nofollow">eClincher</a>, Hurricane Harvey Was A Once In 25,000 Year Storm #belugasolar https://t.co/a6bfMVBbjd, false, {false, Sat Jan 24 07:40:52 +0000 2015, false, false, Manufacture & Supplier of Solar Panels, inverter,Electric/Solar Cars,Degining solar power plant,We #LightingTheWorld to help Earth & People Money #belugasolar, 141, NULL, 502, NULL, 565, false, 2994329065, 2994329065, false, en, 125, Nagpur, India, Beluga Solar India, NULL, 000000, http://abs.twimg.com/images/themes/theme1/bg.png, https://abs.twimg.com/images/themes/theme1/bg.png, false, https://pbs.twimg.com/profile_banners/2994329065/1504074915, http://pbs.twimg.com/profile_images/904971354553778176/Gx5ZFa0r_normal.jpg, https://pbs.twimg.com/profile_images/904971354553778176/Gx5ZFa0r_normal.jpg, FF691F, 000000, 000000, 000000, false, false, belugasolar, 9245, New Delhi, none, https://beluga-solarlighting.com, 19800, false}, NULL}                                                                                                                                                                                                                                                                                                                                                                                                                                                                                                                                                                                                                                                                                                                                                                                                                                                                                                                                                                                                                                                                                                                                                                                                                                                                                                                                                                                                                                                                                                                                                                                                                                                                                                                                                                                                                                                                                                                                                                                                                                                                                                                                                                                                                                                                                                                                                                                       |relevant_information     |
|908849476005220352|Ron Simpson    |RT @mrkmully: It's only been a week. Went back to some of the sites in Meyerland I shot last Sunday. #harvey https://t.co/tOQI4cLwwM        |NULL                                                                                                                                             |Sat Sep 16 00:26:15 +0000 2017|{NULL, NULL, Mon Sep 04 02:29:24 +0000 2017, [0, 94], {[{[87, 94], harvey}], [{NULL, pic.twitter.com/tOQI4cLwwM, https://twitter.com/mrkmully/status/904531812176850947/video/1, 904530982350364672, 904530982350364672, [95, 118], http://pbs.twimg.com/ext_tw_video_thumb/904530982350364672/pu/img/ZcqTSnf4w0XTM5Qs.jpg, https://pbs.twimg.com/ext_tw_video_thumb/904530982350364672/pu/img/ZcqTSnf4w0XTM5Qs.jpg, {{683, fit, 1024}, {400, fit, 600}, {227, fit, 340}, {150, crop, 150}}, NULL, NULL, NULL, NULL, photo, https://t.co/tOQI4cLwwM}], [], [], []}, {[{NULL, pic.twitter.com/tOQI4cLwwM, https://twitter.com/mrkmully/status/904531812176850947/video/1, 904530982350364672, 904530982350364672, [95, 118], http://pbs.twimg.com/ext_tw_video_thumb/904530982350364672/pu/img/ZcqTSnf4w0XTM5Qs.jpg, https://pbs.twimg.com/ext_tw_video_thumb/904530982350364672/pu/img/ZcqTSnf4w0XTM5Qs.jpg, {{683, fit, 1024}, {400, fit, 600}, {227, fit, 340}, {150, crop, 150}}, NULL, NULL, NULL, NULL, video, https://t.co/tOQI4cLwwM, {[3, 2], 36003, [{320000, video/mp4, https://video.twimg.com/ext_tw_video/904530982350364672/pu/vid/270x180/XtjX1tpUX7SHOd3D.mp4}, {832000, video/mp4, https://video.twimg.com/ext_tw_video/904530982350364672/pu/vid/540x360/fxJz3sXUOC1nBvkg.mp4}, {NULL, application/x-mpegURL, https://video.twimg.com/ext_tw_video/904530982350364672/pu/pl/TVsEVwTXdpCp5MZ3.m3u8}, {2176000, video/mp4, https://video.twimg.com/ext_tw_video/904530982350364672/pu/vid/1080x720/P4oRIAZa7Zf5ey3l.mp4}]}}]}, NULL, 19259, false, low, NULL, 904531812176850947, 904531812176850947, NULL, NULL, NULL, NULL, NULL, false, en, NULL, false, 930, NULL, NULL, NULL, 432, 12146, false, NULL, <a href="http://twitter.com" rel="nofollow">Twitter Web Client</a>, It's only been a week. Went back to some of the sites in Meyerland I shot last Sunday. #harvey https://t.co/tOQI4cLwwM, false, {false, Fri Mar 27 20:01:30 +0000 2009, false, false, Photojournalist at Houston Chronicle. Native Houstonian. Exploring the city and its people., 1644, NULL, 2478, NULL, 664, true, 27083527, 27083527, false, en, 135, Houston, TX, Mark Mulligan, NULL, 000000, http://abs.twimg.com/images/themes/theme1/bg.png, https://abs.twimg.com/images/themes/theme1/bg.png, false, https://pbs.twimg.com/profile_banners/27083527/1452275416, http://pbs.twimg.com/profile_images/653719985013960704/iaTlYjaZ_normal.png, https://pbs.twimg.com/profile_images/653719985013960704/iaTlYjaZ_normal.png, 89C9FA, 000000, 000000, 000000, false, false, mrkmully, 3403, Central America, none, http://www.houstonchronicle.com, -21600, true}, NULL}                                                                                                                                                                                                                                                                                                                                                                                                                                                                                                                                                                                                                                                                                                                                                                                                                                                                                                                                                                                                                                                                                                                          |not_related_or_irrelevant|
|908849504153194496|MILAN MILAN!   |RT @SInow: JJ Watt ends Hurricane Harvey relief fundraiser after raising more than $37 million https://t.co/zb6H9b5O5r                      |NULL                                                                                                                                             |Sat Sep 16 00:26:22 +0000 2017|{NULL, NULL, Fri Sep 15 23:33:15 +0000 2017, NULL, {[], NULL, [], [{on.si.com/2jyTjbs, http://on.si.com/2jyTjbs, [84, 107], https://t.co/zb6H9b5O5r}], []}, NULL, NULL, 190, false, low, NULL, 908836137426460672, 908836137426460672, NULL, NULL, NULL, NULL, NULL, false, en, NULL, false, 10, NULL, NULL, NULL, 4, 61, false, NULL, <a href="http://www.socialflow.com" rel="nofollow">SocialFlow</a>, JJ Watt ends Hurricane Harvey relief fundraiser after raising more than $37 million https://t.co/zb6H9b5O5r, false, {false, Thu Apr 02 16:42:30 +0000 2009, false, false, Serious fun, serious journalism | Breaking news, conversation and original reporting on all sports | FB: http://on.si.com/SI_Facebook | IG: sportsillustrated, 2284, NULL, 1711319, NULL, 1653, true, 28370738, 28370738, false, en, 13397, New York, NY, Sports Illustrated, NULL, FFFFFF, http://pbs.twimg.com/profile_background_images/446314431320842240/zQ9q3uMc.jpeg, https://pbs.twimg.com/profile_background_images/446314431320842240/zQ9q3uMc.jpeg, false, https://pbs.twimg.com/profile_banners/28370738/1465653952, http://pbs.twimg.com/profile_images/876883699559780352/ixURaEXt_normal.jpg, https://pbs.twimg.com/profile_images/876883699559780352/ixURaEXt_normal.jpg, D60420, FFFFFF, D9D9D9, 000000, true, false, SInow, 221935, Eastern Time (US & Canada), none, https://www.si.com/, -14400, true}, NULL}                                                                                                                                                                                                                                                                                                                                                                                                                                                                                                                                                                                                                                                                                                                                                                                                                                                                                                                                                                                                                                                                                                                                                                                                                                                                                                                                                                                                                                                                                                                                                                                                                                                                                                                                                                                                                                                                                                                                                                                                                                                                                                                                                                                                                                                                                                                                                                                  |donation_and_volunteering|
|908849530451279873|ari            |RT @Jessicaacutie: mind y'alls own fucking business we DON'T want to know https://t.co/xqi3wsJdw4                                           |NULL                                                                                                                                             |Sat Sep 16 00:26:28 +0000 2017|{NULL, NULL, Fri Sep 15 16:54:56 +0000 2017, [0, 54], {[], NULL, [], [{twitter.com/wlbt/status/90…, https://twitter.com/wlbt/status/908692450708983808, [55, 78], https://t.co/xqi3wsJdw4}], []}, NULL, NULL, 156, false, low, NULL, 908735897373429761, 908735897373429761, NULL, NULL, NULL, NULL, NULL, true, en, NULL, false, 0, {NULL, NULL, Fri Sep 15 14:02:17 +0000 2017, [0, 101], {[], [{null, pic.twitter.com/SIFSNYESyI, https://twitter.com/WLBT/status/908692450708983808/photo/1, 908692447127117824, 908692447127117824, [102, 125], http://pbs.twimg.com/media/DJxS91kXoAA2---.png, https://pbs.twimg.com/media/DJxS91kXoAA2---.png, {{543, fit, 728}, {543, fit, 728}, {507, fit, 680}, {150, crop, 150}}, NULL, NULL, NULL, NULL, photo, https://t.co/SIFSNYESyI}], [], [{buff.ly/2x6PLl6, https://buff.ly/2x6PLl6, [78, 101], https://t.co/unXuB2cVrR}], []}, {[{null, pic.twitter.com/SIFSNYESyI, https://twitter.com/WLBT/status/908692450708983808/photo/1, 908692447127117824, 908692447127117824, [102, 125], http://pbs.twimg.com/media/DJxS91kXoAA2---.png, https://pbs.twimg.com/media/DJxS91kXoAA2---.png, {{543, fit, 728}, {543, fit, 728}, {507, fit, 680}, {150, crop, 150}}, NULL, NULL, NULL, NULL, photo, https://t.co/SIFSNYESyI, NULL}]}, NULL, 125, false, low, NULL, 908692450708983808, 908692450708983808, NULL, NULL, NULL, NULL, NULL, false, en, NULL, false, 78, NULL, NULL, 11, 59, false, NULL, <a href="http://bufferapp.com" rel="nofollow">Buffer</a>, Hurricane Harvey washed this sea creature onto a Texas beach, but what is it? https://t.co/unXuB2cVrR https://t.co/SIFSNYESyI, false, {false, Mon Sep 01 11:54:28 +0000 2008, false, false, A leading source of local news and information for over 60 years. Have a story idea? Breaking news tip? Call our newsroom at (601) 960-4426, 1686, NULL, 123339, NULL, 4776, true, 16081037, 16081037, false, en, 732, Jackson, MS, WLBT 3 On Your Side, NULL, 070F3B, http://pbs.twimg.com/profile_background_images/177226856/STILL_Pillar2.png, https://pbs.twimg.com/profile_background_images/177226856/STILL_Pillar2.png, false, https://pbs.twimg.com/profile_banners/16081037/1450929449, http://pbs.twimg.com/profile_images/2845164437/92a840c1039807d63d3b18bb0ee6796a_normal.jpeg, https://pbs.twimg.com/profile_images/2845164437/92a840c1039807d63d3b18bb0ee6796a_normal.jpeg, 0084B4, BDDCAD, DDFFCC, 333333, true, false, WLBT, 105682, Central Time (US & Canada), none, http://www.msnewsnow.com/, -18000, true}}, 908692450708983808, 908692450708983808, 1, 33, false, NULL, <a href="http://twitter.com/download/iphone" rel="nofollow">Twitter for iPhone</a>, mind y'alls own fucking business we DON'T want to know https://t.co/xqi3wsJdw4, false, {false, Tue Nov 24 03:26:04 +0000 2015, true, false, lil ass titties , big ass heart, 2508, NULL, 16129, NULL, 305, true, 4340695154, 4340695154, false, en, 31, cloud nine, booby, NULL, C0DEED, http://abs.twimg.com/images/themes/theme1/bg.png, https://abs.twimg.com/images/themes/theme1/bg.png, false, https://pbs.twimg.com/profile_banners/4340695154/1496254561, http://pbs.twimg.com/profile_images/904918694303862788/toyX80ur_normal.jpg, https://pbs.twimg.com/profile_images/904918694303862788/toyX80ur_normal.jpg, 1DA1F2, C0DEED, DDEEF6, 333333, true, false, Jessicaacutie, 4038, NULL, none, http://Instagram.com/jessicauniverse, NULL, false}, NULL}                                                                                                                                                                                                                                                                                                                                          |not_related_or_irrelevant|
|908849559664779264|Mia Pachacki   |RT @belugasolar: Hurricane Harvey Was A Once In 25,000 Year Storm #belugasolar https://t.co/a6bfMVBbjd                                      |NULL                                                                                                                                             |Sat Sep 16 00:26:35 +0000 2017|{NULL, NULL, Fri Sep 15 23:07:56 +0000 2017, NULL, {[{[49, 61], belugasolar}], NULL, [], [{cleantechnica.com/2017/09/15/hur…, http://cleantechnica.com/2017/09/15/hurricane-harvey-25000-year-storm/, [62, 85], https://t.co/a6bfMVBbjd}], []}, NULL, NULL, 0, false, low, NULL, 908829765695623169, 908829765695623169, NULL, NULL, NULL, NULL, NULL, false, en, NULL, false, 0, NULL, NULL, NULL, 0, 716, false, NULL, <a href="https://eclincher.com" rel="nofollow">eClincher</a>, Hurricane Harvey Was A Once In 25,000 Year Storm #belugasolar https://t.co/a6bfMVBbjd, false, {false, Sat Jan 24 07:40:52 +0000 2015, false, false, Manufacture & Supplier of Solar Panels, inverter,Electric/Solar Cars,Degining solar power plant,We #LightingTheWorld to help Earth & People Money #belugasolar, 141, NULL, 502, NULL, 565, false, 2994329065, 2994329065, false, en, 125, Nagpur, India, Beluga Solar India, NULL, 000000, http://abs.twimg.com/images/themes/theme1/bg.png, https://abs.twimg.com/images/themes/theme1/bg.png, false, https://pbs.twimg.com/profile_banners/2994329065/1504074915, http://pbs.twimg.com/profile_images/904971354553778176/Gx5ZFa0r_normal.jpg, https://pbs.twimg.com/profile_images/904971354553778176/Gx5ZFa0r_normal.jpg, FF691F, 000000, 000000, 000000, false, false, belugasolar, 9245, New Delhi, none, https://beluga-solarlighting.com, 19800, false}, NULL}                                                                                                                                                                                                                                                                                                                                                                                                                                                                                                                                                                                                                                                                                                                                                                                                                                                                                                                                                                                                                                                                                                                                                                                                                                                                                                                                                                                                                                                                                                                                                                                                                                                                                                                                                                                                                                                                                                                                                                                                                                                                                                                                                                                                                                                                                                                                                                                       |relevant_information     |
|908849570108538887|scott          |RT @ProudResister: Trump Voters thinking Trump saved cats during Harvey is almost as embarrassing as when they thought Obama was POTUS…     |NULL                                                                                                                                             |Sat Sep 16 00:26:37 +0000 2017|{NULL, NULL, Fri Sep 15 23:42:37 +0000 2017, [0, 140], {[], NULL, [], [{twitter.com/i/web/status/9…, https://twitter.com/i/web/status/908838496101474304, [117, 140], https://t.co/q55xYqmMv8}], []}, NULL, {[0, 131], {[], [{NULL, pic.twitter.com/kMvhPkuczV, https://twitter.com/ProudResister/status/908838496101474304/photo/1, 908838465944428544, 908838465944428544, [132, 155], http://pbs.twimg.com/media/DJzXxQDUIAAGOAJ.jpg, https://pbs.twimg.com/media/DJzXxQDUIAAGOAJ.jpg, {{423, fit, 752}, {423, fit, 752}, {383, fit, 680}, {150, crop, 150}}, photo, https://t.co/kMvhPkuczV, NULL}], [], [], []}, {[{NULL, pic.twitter.com/kMvhPkuczV, https://twitter.com/ProudResister/status/908838496101474304/photo/1, 908838465944428544, 908838465944428544, [132, 155], http://pbs.twimg.com/media/DJzXxQDUIAAGOAJ.jpg, https://pbs.twimg.com/media/DJzXxQDUIAAGOAJ.jpg, {{423, fit, 752}, {423, fit, 752}, {383, fit, 680}, {150, crop, 150}}, photo, https://t.co/kMvhPkuczV, NULL}]}, Trump Voters thinking Trump saved cats during Harvey is almost as embarrassing as when they thought Obama was POTUS during Katrina. https://t.co/kMvhPkuczV}, 304, false, low, NULL, 908838496101474304, 908838496101474304, NULL, NULL, NULL, NULL, NULL, false, en, NULL, false, 12, NULL, NULL, NULL, 42, 190, false, NULL, <a href="http://twitter.com/download/iphone" rel="nofollow">Twitter for iPhone</a>, Trump Voters thinking Trump saved cats during Harvey is almost as embarrassing as when they thought Obama was POTUS… https://t.co/q55xYqmMv8, true, {false, Mon Jul 18 15:13:26 +0000 2016, true, false, A voice in a Chorus of Voices for Truth, Humanity & #TheResistance, 23345, NULL, 68217, NULL, 11178, true, 755057897583804416, 755057897583804416, false, en, 189, Los Angeles, CA, PROUD RESISTER ὄA, NULL, F5F8FA, , , false, https://pbs.twimg.com/profile_banners/755057897583804416/1501555742, http://pbs.twimg.com/profile_images/906649789265100800/kNyV1wA8_normal.jpg, https://pbs.twimg.com/profile_images/906649789265100800/kNyV1wA8_normal.jpg, 1DA1F2, C0DEED, DDEEF6, 333333, true, false, ProudResister, 5523, Pacific Time (US & Canada), none, http://www.ProudResister.com, -25200, false}, NULL}                                                                                                                                                                                                                                                                                                                                                                                                                                                                                                                                                                                                                                                                                                                                                                                                                                                                                                                                                                                                                                                                                                                                                                                                                                                                                                                                                                                                                                                                                                                                                 |not_related_or_irrelevant|
|908849577595457537|Maurita Terry  |RT @BerkVandergraph: How to Prepare For Hurricane Irma https://t.co/7IhhJjiQ33. #hurricaneharvey #hurricaneirma #hurricane #blog…           |NULL                                                                                                                                             |Sat Sep 16 00:26:39 +0000 2017|{NULL, NULL, Fri Sep 15 23:49:55 +0000 2017, [0, 140], {[{[59, 75], hurricaneharvey}, {[76, 90], hurricaneirma}, {[91, 101], hurricane}, {[102, 107], blog}], NULL, [], [{bargainbrute.com/blog/hurricane…, https://www.bargainbrute.com/blog/hurricane/how-you-should-prepare-for-hurricanes.html#.Wbxm-77MBHs.twitter, [34, 57], https://t.co/7IhhJjiQ33}, {twitter.com/i/web/status/9…, https://twitter.com/i/web/status/908840333143891969, [109, 132], https://t.co/t2ADzQYmo2}], []}, NULL, {[0, 137], {[{[59, 75], hurricaneharvey}, {[76, 90], hurricaneirma}, {[91, 101], hurricane}, {[102, 107], blog}, {[108, 117], blogging}, {[118, 127], bloggers}, {[128, 137], blogpost}], [{NULL, pic.twitter.com/NmiObilR6P, https://twitter.com/BerkVandergraph/status/908840333143891969/photo/1, 908840313770217472, 908840313770217472, [138, 161], http://pbs.twimg.com/media/DJzZczvUEAAIzSm.jpg, https://pbs.twimg.com/media/DJzZczvUEAAIzSm.jpg, {{784, fit, 850}, {784, fit, 850}, {627, fit, 680}, {150, crop, 150}}, photo, https://t.co/NmiObilR6P, NULL}], [], [{bargainbrute.com/blog/hurricane…, https://www.bargainbrute.com/blog/hurricane/how-you-should-prepare-for-hurricanes.html#.Wbxm-77MBHs.twitter, [34, 57], https://t.co/7IhhJjiQ33}], []}, {[{NULL, pic.twitter.com/NmiObilR6P, https://twitter.com/BerkVandergraph/status/908840333143891969/photo/1, 908840313770217472, 908840313770217472, [138, 161], http://pbs.twimg.com/media/DJzZczvUEAAIzSm.jpg, https://pbs.twimg.com/media/DJzZczvUEAAIzSm.jpg, {{784, fit, 850}, {784, fit, 850}, {627, fit, 680}, {150, crop, 150}}, photo, https://t.co/NmiObilR6P, NULL}]}, How to Prepare For Hurricane Irma https://t.co/7IhhJjiQ33. #hurricaneharvey #hurricaneirma #hurricane #blog #blogging #bloggers #blogpost https://t.co/NmiObilR6P}, 0, false, low, NULL, 908840333143891969, 908840333143891969, NULL, NULL, NULL, NULL, NULL, false, en, NULL, false, 0, NULL, NULL, NULL, 0, 199, false, NULL, <a href="http://twitter.com/download/android" rel="nofollow">Twitter for Android</a>, How to Prepare For Hurricane Irma https://t.co/7IhhJjiQ33. #hurricaneharvey #hurricaneirma #hurricane #blog… https://t.co/t2ADzQYmo2, true, {false, Sat Apr 29 17:21:26 +0000 2017, true, false, http://Bargainbrute.com is the online superstore the world is talking about.  Over 2 million products in stock and ready to ship.  Follow us for store givaways., 7289, NULL, 402428, NULL, 2802, true, 858370653598216192, 858370653598216192, false, en, 2, Colorado, USA, www.Bargainbrute.com, NULL, F5F8FA, , , false, https://pbs.twimg.com/profile_banners/858370653598216192/1497057588, http://pbs.twimg.com/profile_images/892786609539735552/EYunfNSd_normal.jpg, https://pbs.twimg.com/profile_images/892786609539735552/EYunfNSd_normal.jpg, 1DA1F2, C0DEED, DDEEF6, 333333, true, false, BerkVandergraph, 2687, Pacific Time (US & Canada), none, https://www.bargainbrute.com, -25200, false}, NULL}                                                                                                                                                                                                                                                                                                                                                                                                                                                                                                                                                                                                                                                                                                                                                                                                 |relevant_information     |
|908849610738692096|ACE            |RT @darrenrovell: Incredible: @JJWatt has ended his Hurricane Harvey Fund. He raised $35,882,489 -- 179 times his original goal -- fr…      |NULL                                                                                                                                             |Sat Sep 16 00:26:47 +0000 2017|{NULL, NULL, Fri Sep 15 22:07:19 +0000 2017, [0, 140], {[], NULL, [], [{twitter.com/i/web/status/9…, https://twitter.com/i/web/status/908814511984934912, [117, 140], https://t.co/kVJnw0jOxr}], [{131948686, 131948686, [12, 19], JJ Watt, JJWatt}]}, NULL, {[0, 133], {[], [{NULL, pic.twitter.com/eEnfoMPeS5, https://twitter.com/darrenrovell/status/908814511984934912/photo/1, 908814505089499136, 908814505089499136, [134, 157], http://pbs.twimg.com/media/DJzB-i6VAAADHKF.jpg, https://pbs.twimg.com/media/DJzB-i6VAAADHKF.jpg, {{374, fit, 612}, {374, fit, 612}, {374, fit, 612}, {150, crop, 150}}, photo, https://t.co/eEnfoMPeS5, NULL}], [], [], [{131948686, 131948686, [12, 19], JJ Watt, JJWatt}]}, {[{NULL, pic.twitter.com/eEnfoMPeS5, https://twitter.com/darrenrovell/status/908814511984934912/photo/1, 908814505089499136, 908814505089499136, [134, 157], http://pbs.twimg.com/media/DJzB-i6VAAADHKF.jpg, https://pbs.twimg.com/media/DJzB-i6VAAADHKF.jpg, {{374, fit, 612}, {374, fit, 612}, {374, fit, 612}, {150, crop, 150}}, photo, https://t.co/eEnfoMPeS5, NULL}]}, Incredible: @JJWatt has ended his Hurricane Harvey Fund. He raised $35,882,489 -- 179 times his original goal -- from 209,405 donors. https://t.co/eEnfoMPeS5}, 4843, false, low, NULL, 908814511984934912, 908814511984934912, NULL, NULL, NULL, NULL, NULL, false, en, NULL, false, 171, NULL, NULL, NULL, 67, 2027, false, NULL, <a href="http://twitter.com/download/iphone" rel="nofollow">Twitter for iPhone</a>, Incredible: @JJWatt has ended his Hurricane Harvey Fund. He raised $35,882,489 -- 179 times his original goal -- fr… https://t.co/kVJnw0jOxr, true, {false, Fri Mar 13 23:11:21 +0000 2009, false, false, ESPN Sports Business Reporter. Instagram: @darrenrovell, 1896, NULL, 1889887, NULL, 2380, true, 24277551, 24277551, false, en, 11714, NYC & Bristol, CT, Darren Rovell, NULL, FF0000, http://pbs.twimg.com/profile_background_images/735955002/3f56ed474f1a65fe20a4df97c9c656e6.png, https://pbs.twimg.com/profile_background_images/735955002/3f56ed474f1a65fe20a4df97c9c656e6.png, true, https://pbs.twimg.com/profile_banners/24277551/1459256465, http://pbs.twimg.com/profile_images/846459635964018688/z_OlS8C3_normal.jpg, https://pbs.twimg.com/profile_images/846459635964018688/z_OlS8C3_normal.jpg, 161A18, FFFFFF, E6EAEF, 333333, true, false, darrenrovell, 129468, Eastern Time (US & Canada), none, http://www.darrenrovell.com, -14400, true}, NULL}                                                                                                                                                                                                                                                                                                                                                                                                                                                                                                                                                                                                                                                                                                                                                                                                                                                                                                                                                                                                                                                                                                                                                                                                                                                                                           |relevant_information     |
|908849711733452800|Joella Francine|RT @BerkVandergraph: Cause and Effect Essay: Hurricanes https://t.co/Xx5lCswVHO. #hurricaneharvey #hurricaneirma #hurricane #blog…          |NULL                                                                                                                                             |Sat Sep 16 00:27:11 +0000 2017|{NULL, NULL, Fri Sep 15 23:56:38 +0000 2017, [0, 140], {[{[60, 76], hurricaneharvey}, {[77, 91], hurricaneirma}, {[92, 102], hurricane}, {[103, 108], blog}], NULL, [], [{bargainbrute.com/blog/hurricane…, https://www.bargainbrute.com/blog/hurricane/cause-and-effect-essay-hurricanes.html#.Wbxokqa47lc.twitter, [35, 58], https://t.co/Xx5lCswVHO}, {twitter.com/i/web/status/9…, https://twitter.com/i/web/status/908842023502872577, [110, 133], https://t.co/Z0wq5Iw56v}], []}, NULL, {[0, 134], {[{[60, 76], hurricaneharvey}, {[77, 91], hurricaneirma}, {[92, 102], hurricane}, {[103, 108], blog}, {[109, 118], blogging}, {[119, 134], bloggerswanted}], [{NULL, pic.twitter.com/ePAhM3ohRa, https://twitter.com/BerkVandergraph/status/908842023502872577/photo/1, 908842009426771968, 908842009426771968, [135, 158], http://pbs.twimg.com/media/DJza_gjVwAA6oA7.jpg, https://pbs.twimg.com/media/DJza_gjVwAA6oA7.jpg, {{768, fit, 1024}, {768, fit, 1024}, {510, fit, 680}, {150, crop, 150}}, photo, https://t.co/ePAhM3ohRa, NULL}], [], [{bargainbrute.com/blog/hurricane…, https://www.bargainbrute.com/blog/hurricane/cause-and-effect-essay-hurricanes.html#.Wbxokqa47lc.twitter, [35, 58], https://t.co/Xx5lCswVHO}], []}, {[{NULL, pic.twitter.com/ePAhM3ohRa, https://twitter.com/BerkVandergraph/status/908842023502872577/photo/1, 908842009426771968, 908842009426771968, [135, 158], http://pbs.twimg.com/media/DJza_gjVwAA6oA7.jpg, https://pbs.twimg.com/media/DJza_gjVwAA6oA7.jpg, {{768, fit, 1024}, {768, fit, 1024}, {510, fit, 680}, {150, crop, 150}}, photo, https://t.co/ePAhM3ohRa, NULL}]}, Cause and Effect Essay: Hurricanes https://t.co/Xx5lCswVHO. #hurricaneharvey #hurricaneirma #hurricane #blog #blogging #bloggerswanted https://t.co/ePAhM3ohRa}, 0, false, low, NULL, 908842023502872577, 908842023502872577, NULL, NULL, NULL, NULL, NULL, false, en, NULL, false, 0, NULL, NULL, NULL, 0, 80, false, NULL, <a href="http://twitter.com/download/android" rel="nofollow">Twitter for Android</a>, Cause and Effect Essay: Hurricanes https://t.co/Xx5lCswVHO. #hurricaneharvey #hurricaneirma #hurricane #blog… https://t.co/Z0wq5Iw56v, true, {false, Sat Apr 29 17:21:26 +0000 2017, true, false, http://Bargainbrute.com is the online superstore the world is talking about.  Over 2 million products in stock and ready to ship.  Follow us for store givaways., 7289, NULL, 402434, NULL, 2802, true, 858370653598216192, 858370653598216192, false, en, 2, Colorado, USA, www.Bargainbrute.com, NULL, F5F8FA, , , false, https://pbs.twimg.com/profile_banners/858370653598216192/1497057588, http://pbs.twimg.com/profile_images/892786609539735552/EYunfNSd_normal.jpg, https://pbs.twimg.com/profile_images/892786609539735552/EYunfNSd_normal.jpg, 1DA1F2, C0DEED, DDEEF6, 333333, true, false, BerkVandergraph, 2687, Pacific Time (US & Canada), none, https://www.bargainbrute.com, -25200, false}, NULL}                                                                                                                                                                                                                                                                                                                                                                                                                                                                                                                                                                                                                                                                                                                                                                                                                          |relevant_information     |
|908849733728395264|Mia Pachacki   |RT @BerkVandergraph: How to Prepare For Hurricane Irma https://t.co/7IhhJjiQ33. #hurricaneharvey #hurricaneirma #hurricane #blog…           |NULL                                                                                                                                             |Sat Sep 16 00:27:16 +0000 2017|{NULL, NULL, Fri Sep 15 23:49:55 +0000 2017, [0, 140], {[{[59, 75], hurricaneharvey}, {[76, 90], hurricaneirma}, {[91, 101], hurricane}, {[102, 107], blog}], NULL, [], [{bargainbrute.com/blog/hurricane…, https://www.bargainbrute.com/blog/hurricane/how-you-should-prepare-for-hurricanes.html#.Wbxm-77MBHs.twitter, [34, 57], https://t.co/7IhhJjiQ33}, {twitter.com/i/web/status/9…, https://twitter.com/i/web/status/908840333143891969, [109, 132], https://t.co/t2ADzQYmo2}], []}, NULL, {[0, 137], {[{[59, 75], hurricaneharvey}, {[76, 90], hurricaneirma}, {[91, 101], hurricane}, {[102, 107], blog}, {[108, 117], blogging}, {[118, 127], bloggers}, {[128, 137], blogpost}], [{NULL, pic.twitter.com/NmiObilR6P, https://twitter.com/BerkVandergraph/status/908840333143891969/photo/1, 908840313770217472, 908840313770217472, [138, 161], http://pbs.twimg.com/media/DJzZczvUEAAIzSm.jpg, https://pbs.twimg.com/media/DJzZczvUEAAIzSm.jpg, {{784, fit, 850}, {784, fit, 850}, {627, fit, 680}, {150, crop, 150}}, photo, https://t.co/NmiObilR6P, NULL}], [], [{bargainbrute.com/blog/hurricane…, https://www.bargainbrute.com/blog/hurricane/how-you-should-prepare-for-hurricanes.html#.Wbxm-77MBHs.twitter, [34, 57], https://t.co/7IhhJjiQ33}], []}, {[{NULL, pic.twitter.com/NmiObilR6P, https://twitter.com/BerkVandergraph/status/908840333143891969/photo/1, 908840313770217472, 908840313770217472, [138, 161], http://pbs.twimg.com/media/DJzZczvUEAAIzSm.jpg, https://pbs.twimg.com/media/DJzZczvUEAAIzSm.jpg, {{784, fit, 850}, {784, fit, 850}, {627, fit, 680}, {150, crop, 150}}, photo, https://t.co/NmiObilR6P, NULL}]}, How to Prepare For Hurricane Irma https://t.co/7IhhJjiQ33. #hurricaneharvey #hurricaneirma #hurricane #blog #blogging #bloggers #blogpost https://t.co/NmiObilR6P}, 0, false, low, NULL, 908840333143891969, 908840333143891969, NULL, NULL, NULL, NULL, NULL, false, en, NULL, false, 0, NULL, NULL, NULL, 0, 210, false, NULL, <a href="http://twitter.com/download/android" rel="nofollow">Twitter for Android</a>, How to Prepare For Hurricane Irma https://t.co/7IhhJjiQ33. #hurricaneharvey #hurricaneirma #hurricane #blog… https://t.co/t2ADzQYmo2, true, {false, Sat Apr 29 17:21:26 +0000 2017, true, false, http://Bargainbrute.com is the online superstore the world is talking about.  Over 2 million products in stock and ready to ship.  Follow us for store givaways., 7289, NULL, 402434, NULL, 2802, true, 858370653598216192, 858370653598216192, false, en, 2, Colorado, USA, www.Bargainbrute.com, NULL, F5F8FA, , , false, https://pbs.twimg.com/profile_banners/858370653598216192/1497057588, http://pbs.twimg.com/profile_images/892786609539735552/EYunfNSd_normal.jpg, https://pbs.twimg.com/profile_images/892786609539735552/EYunfNSd_normal.jpg, 1DA1F2, C0DEED, DDEEF6, 333333, true, false, BerkVandergraph, 2687, Pacific Time (US & Canada), none, https://www.bargainbrute.com, -25200, false}, NULL}                                                                                                                                                                                                                                                                                                                                                                                                                                                                                                                                                                                                                                                                                                                                                                                                 |relevant_information     |
|908849820487573506|Lori Idilliler |RT @belugasolar: Hurricane Harvey Was A Once In 25,000 Year Storm #belugasolar https://t.co/a6bfMVBbjd                                      |NULL                                                                                                                                             |Sat Sep 16 00:27:37 +0000 2017|{NULL, NULL, Fri Sep 15 23:07:56 +0000 2017, NULL, {[{[49, 61], belugasolar}], NULL, [], [{cleantechnica.com/2017/09/15/hur…, http://cleantechnica.com/2017/09/15/hurricane-harvey-25000-year-storm/, [62, 85], https://t.co/a6bfMVBbjd}], []}, NULL, NULL, 0, false, low, NULL, 908829765695623169, 908829765695623169, NULL, NULL, NULL, NULL, NULL, false, en, NULL, false, 0, NULL, NULL, NULL, 0, 727, false, NULL, <a href="https://eclincher.com" rel="nofollow">eClincher</a>, Hurricane Harvey Was A Once In 25,000 Year Storm #belugasolar https://t.co/a6bfMVBbjd, false, {false, Sat Jan 24 07:40:52 +0000 2015, false, false, Manufacture & Supplier of Solar Panels, inverter,Electric/Solar Cars,Degining solar power plant,We #LightingTheWorld to help Earth & People Money #belugasolar, 141, NULL, 502, NULL, 565, false, 2994329065, 2994329065, false, en, 125, Nagpur, India, Beluga Solar India, NULL, 000000, http://abs.twimg.com/images/themes/theme1/bg.png, https://abs.twimg.com/images/themes/theme1/bg.png, false, https://pbs.twimg.com/profile_banners/2994329065/1504074915, http://pbs.twimg.com/profile_images/904971354553778176/Gx5ZFa0r_normal.jpg, https://pbs.twimg.com/profile_images/904971354553778176/Gx5ZFa0r_normal.jpg, FF691F, 000000, 000000, 000000, false, false, belugasolar, 9245, New Delhi, none, https://beluga-solarlighting.com, 19800, false}, NULL}                                                                                                                                                                                                                                                                                                                                                                                                                                                                                                                                                                                                                                                                                                                                                                                                                                                                                                                                                                                                                                                                                                                                                                                                                                                                                                                                                                                                                                                                                                                                                                                                                                                                                                                                                                                                                                                                                                                                                                                                                                                                                                                                                                                                                                                                                                                                                                                       |relevant_information     |
|908849825583468544|ACSA Region 6  |RT @LivermoreUSD: Spread the word! @GranadaPride adopted @NorthForestHigh for Hurricane Harvey relief. Find something from their list…      |NULL                                                                                                                                             |Sat Sep 16 00:27:38 +0000 2017|{NULL, NULL, Fri Sep 15 20:30:52 +0000 2017, [0, 140], {[], NULL, [], [{twitter.com/i/web/status/9…, https://twitter.com/i/web/status/908790238775877632, [117, 140], https://t.co/NUy9hQRiKq}], [{1135005476, 1135005476, [17, 30], Granada Pride, GranadaPride}, {1606224408, 1606224408, [39, 55], North Forest High, NorthForestHigh}]}, NULL, {[0, 139], {[], [{NULL, pic.twitter.com/wBeDLUjzaE, https://twitter.com/LivermoreUSD/status/908790238775877632/photo/1, 908789596464353280, 908789596464353280, [140, 163], http://pbs.twimg.com/media/DJyrUrDUEAAumcH.jpg, https://pbs.twimg.com/media/DJyrUrDUEAAumcH.jpg, {{1056, fit, 816}, {1056, fit, 816}, {680, fit, 525}, {150, crop, 150}}, photo, https://t.co/wBeDLUjzaE, NULL}], [], [], [{1135005476, 1135005476, [17, 30], Granada Pride, GranadaPride}, {1606224408, 1606224408, [39, 55], North Forest High, NorthForestHigh}]}, {[{NULL, pic.twitter.com/wBeDLUjzaE, https://twitter.com/LivermoreUSD/status/908790238775877632/photo/1, 908789596464353280, 908789596464353280, [140, 163], http://pbs.twimg.com/media/DJyrUrDUEAAumcH.jpg, https://pbs.twimg.com/media/DJyrUrDUEAAumcH.jpg, {{1056, fit, 816}, {1056, fit, 816}, {680, fit, 525}, {150, crop, 150}}, photo, https://t.co/wBeDLUjzaE, NULL}]}, Spread the word! @GranadaPride adopted @NorthForestHigh for Hurricane Harvey relief. Find something from their list this weekend to donate. https://t.co/wBeDLUjzaE}, 0, false, low, NULL, 908790238775877632, 908790238775877632, NULL, NULL, NULL, NULL, NULL, false, en, NULL, false, 0, NULL, NULL, NULL, 0, 1, false, NULL, <a href="http://twitter.com" rel="nofollow">Twitter Web Client</a>, Spread the word! @GranadaPride adopted @NorthForestHigh for Hurricane Harvey relief. Find something from their list… https://t.co/NUy9hQRiKq, true, {false, Thu Oct 13 03:53:10 +0000 2011, true, false, Official Twitter Account of the Livermore Valley Joint Unified School District, 3, NULL, 330, NULL, 154, false, 389876487, 389876487, false, en, 9, Livermore, CA, Livermore Schools, NULL, C0DEED, http://abs.twimg.com/images/themes/theme1/bg.png, https://abs.twimg.com/images/themes/theme1/bg.png, false, https://pbs.twimg.com/profile_banners/389876487/1503239166, http://pbs.twimg.com/profile_images/897259699837386752/tkbVS7RV_normal.jpg, https://pbs.twimg.com/profile_images/897259699837386752/tkbVS7RV_normal.jpg, 1DA1F2, C0DEED, DDEEF6, 333333, true, false, LivermoreUSD, 55, Pacific Time (US & Canada), none, http://www.livermoreschools.com, -25200, false}, NULL}                                                                                                                                                                                                                                                                                                                                                                                                                                                                                                                                                                                                                                                                                                                                                                                                                                                                                                                                                                                                                                                                                                                                                                                                        |donation_and_volunteering|
|908849831606652928|Titus Groan    |RT @BeaglesResist: @wesley_jordan After the images of Harvey, and our own Irma anxiety and evacuation, this gives me comfort. https://t.co/…|NULL                                                                                                                                             |Sat Sep 16 00:27:40 +0000 2017|{NULL, NULL, Fri Sep 15 21:45:21 +0000 2017, [15, 106], {[], [{NULL, pic.twitter.com/qVoxHwMnf1, https://twitter.com/BeaglesResist/status/908808986828341249/photo/1, 908808838458961920, 908808838458961920, [107, 130], http://pbs.twimg.com/media/DJy80tEU8AA-HIA.jpg, https://pbs.twimg.com/media/DJy80tEU8AA-HIA.jpg, {{1200, fit, 1200}, {1200, fit, 1200}, {680, fit, 680}, {150, crop, 150}}, NULL, NULL, NULL, NULL, photo, https://t.co/qVoxHwMnf1}], [], [], [{18698555, 18698555, [0, 14], Wes JordanὊ6, wesley_jordan}]}, {[{NULL, pic.twitter.com/qVoxHwMnf1, https://twitter.com/BeaglesResist/status/908808986828341249/photo/1, 908808838458961920, 908808838458961920, [107, 130], http://pbs.twimg.com/media/DJy80tEU8AA-HIA.jpg, https://pbs.twimg.com/media/DJy80tEU8AA-HIA.jpg, {{1200, fit, 1200}, {1200, fit, 1200}, {680, fit, 680}, {150, crop, 150}}, NULL, NULL, NULL, NULL, photo, https://t.co/qVoxHwMnf1, NULL}]}, NULL, 31, false, low, NULL, 908808986828341249, 908808986828341249, wesley_jordan, 908797579541938176, 908797579541938176, 18698555, 18698555, false, en, NULL, false, 1, NULL, NULL, NULL, 2, 3, false, NULL, <a href="http://twitter.com" rel="nofollow">Twitter Web Client</a>, @wesley_jordan After the images of Harvey, and our own Irma anxiety and evacuation, this gives me comfort. https://t.co/qVoxHwMnf1, false, {false, Thu Jan 28 01:14:57 +0000 2016, false, false, Lifelong LiberalὉ9F@ck kkk nazi scum✊ἿDMore profane than profound ὃEBlocked by Seb GorkaἷC Follow back #ResistanceὄDἿD Block MAGAMoronsὙ5ἿDNO LISTS!, 30079, NULL, 2337, NULL, 2984, false, 4823335694, 4823335694, false, en, 3, Somewhere, BeaglesResist, NULL, 000000, http://abs.twimg.com/images/themes/theme1/bg.png, https://abs.twimg.com/images/themes/theme1/bg.png, false, https://pbs.twimg.com/profile_banners/4823335694/1491005562, http://pbs.twimg.com/profile_images/887297793106165761/YQ2gWmXE_normal.jpg, https://pbs.twimg.com/profile_images/887297793106165761/YQ2gWmXE_normal.jpg, 19CF86, 000000, 000000, 000000, false, false, BeaglesResist, 15709, Eastern Time (US & Canada), none, NULL, -14400, false}, NULL}                                                                                                                                                                                                                                                                                                                                                                                                                                                                                                                                                                                                                                                                                                                                                                                                                                                                                                                                                                                                                                                                                                                                                                                                                                                                                                                                                                                                                                                                                                                                                                                                                    |sympathy_and_support     |
|908849871913963520|punky brewster |RT @Scavino45: "Our thoughts also remain w/ those recovering in the wake of Hurricanes Irma &amp; Harvey...."\n@POTUS @realDonaldTrump…     |NULL                                                                                                                                             |Sat Sep 16 00:27:49 +0000 2017|{NULL, NULL, Fri Sep 15 21:23:42 +0000 2017, [0, 140], {[], NULL, [], [{twitter.com/i/web/status/9…, https://twitter.com/i/web/status/908803535189479425, [120, 143], https://t.co/ayThaYYo3C}], [{822215679726100480, 822215679726100480, [95, 101], President Trump, POTUS}, {25073877, 25073877, [102, 118], Donald J. Trump, realDonaldTrump}]}, NULL, {[0, 143], {[], [{NULL, pic.twitter.com/MtId9aXn0t, https://twitter.com/Scavino45/status/908803535189479425/photo/1, 908803526901604353, 908803526901604353, [144, 167], http://pbs.twimg.com/media/DJy3_h-XoAE_yyj.jpg, https://pbs.twimg.com/media/DJy3_h-XoAE_yyj.jpg, {{1697, fit, 1937}, {1051, fit, 1200}, {596, fit, 680}, {150, crop, 150}}, photo, https://t.co/MtId9aXn0t, NULL}], [], [{instagram.com/p/BZE5dP-g_-m/, https://instagram.com/p/BZE5dP-g_-m/, [120, 143], https://t.co/PHPlldULDs}], [{822215679726100480, 822215679726100480, [95, 101], President Trump, POTUS}, {25073877, 25073877, [102, 118], Donald J. Trump, realDonaldTrump}]}, {[{NULL, pic.twitter.com/MtId9aXn0t, https://twitter.com/Scavino45/status/908803535189479425/photo/1, 908803526901604353, 908803526901604353, [144, 167], http://pbs.twimg.com/media/DJy3_h-XoAE_yyj.jpg, https://pbs.twimg.com/media/DJy3_h-XoAE_yyj.jpg, {{1697, fit, 1937}, {1051, fit, 1200}, {596, fit, 680}, {150, crop, 150}}, photo, https://t.co/MtId9aXn0t, NULL}]}, "Our thoughts also remain w/ those recovering in the wake of Hurricanes Irma &amp; Harvey...."\n@POTUS @realDonaldTrump \nhttps://t.co/PHPlldULDs https://t.co/MtId9aXn0t}, 370, false, low, NULL, 908803535189479425, 908803535189479425, NULL, NULL, NULL, NULL, NULL, false, en, NULL, false, 2, NULL, NULL, NULL, 14, 164, false, NULL, <a href="http://twitter.com/download/iphone" rel="nofollow">Twitter for iPhone</a>, "Our thoughts also remain w/ those recovering in the wake of Hurricanes Irma &amp; Harvey...."\n@POTUS @realDonaldTrump… https://t.co/ayThaYYo3C, true, {false, Mon Jan 23 03:09:28 +0000 2017, true, false, Director of Social Media & Assistant to the 45th President of the United States of America, @POTUS @realDonaldTrump @WhiteHouse., 609, NULL, 159850, NULL, 261, true, 823367015830323201, 823367015830323201, false, en, 1189, @Twitter @DanScavino, Dan Scavino Jr., NULL, F5F8FA, , , false, https://pbs.twimg.com/profile_banners/823367015830323201/1505452736, http://pbs.twimg.com/profile_images/893933065814278144/SzwkSO8E_normal.jpg, https://pbs.twimg.com/profile_images/893933065814278144/SzwkSO8E_normal.jpg, 1DA1F2, C0DEED, DDEEF6, 333333, true, false, Scavino45, 1526, NULL, none, http://45.wh.gov/HurricaneIrmaFeed, NULL, true}, NULL}                                                                                                                                                                                                                                                                                                                                                                                                                                                                                                                                                                                                                                                                                                                                                                                                                                                                                                                                                                                                                                                                                 |sympathy_and_support     |
|908849879715336192|Clint Bischoff |RT @JoeGiza: Now he needs somebody to donate a new finger to him https://t.co/oGZ4I5vlTX                                                    |NULL                                                                                                                                             |Sat Sep 16 00:27:51 +0000 2017|{NULL, NULL, Fri Sep 15 22:31:28 +0000 2017, [0, 51], {[], NULL, [], [{twitter.com/darrenrovell/s…, https://twitter.com/darrenrovell/status/908814511984934912, [52, 75], https://t.co/oGZ4I5vlTX}], []}, NULL, NULL, 6, false, low, NULL, 908820591058223110, 908820591058223110, NULL, NULL, NULL, NULL, NULL, true, en, NULL, false, 0, {NULL, NULL, Fri Sep 15 22:07:19 +0000 2017, [0, 140], {[], NULL, [], [{twitter.com/i/web/status/9…, https://twitter.com/i/web/status/908814511984934912, [117, 140], https://t.co/kVJnw0jOxr}], [{131948686, 131948686, [12, 19], JJ Watt, JJWatt}]}, NULL, {[0, 133], {[], [{NULL, pic.twitter.com/eEnfoMPeS5, https://twitter.com/darrenrovell/status/908814511984934912/photo/1, 908814505089499136, 908814505089499136, [134, 157], http://pbs.twimg.com/media/DJzB-i6VAAADHKF.jpg, https://pbs.twimg.com/media/DJzB-i6VAAADHKF.jpg, {{374, fit, 612}, {374, fit, 612}, {374, fit, 612}, {150, crop, 150}}, photo, https://t.co/eEnfoMPeS5, NULL}], [], [], [{131948686, 131948686, [12, 19], JJ Watt, JJWatt}]}, {[{NULL, pic.twitter.com/eEnfoMPeS5, https://twitter.com/darrenrovell/status/908814511984934912/photo/1, 908814505089499136, 908814505089499136, [134, 157], http://pbs.twimg.com/media/DJzB-i6VAAADHKF.jpg, https://pbs.twimg.com/media/DJzB-i6VAAADHKF.jpg, {{374, fit, 612}, {374, fit, 612}, {374, fit, 612}, {150, crop, 150}}, photo, https://t.co/eEnfoMPeS5, NULL}]}, Incredible: @JJWatt has ended his Hurricane Harvey Fund. He raised $35,882,489 -- 179 times his original goal -- from 209,405 donors. https://t.co/eEnfoMPeS5}, 4870, false, low, NULL, 908814511984934912, 908814511984934912, NULL, NULL, NULL, NULL, NULL, false, en, NULL, false, 172, NULL, NULL, 67, 2033, false, NULL, <a href="http://twitter.com/download/iphone" rel="nofollow">Twitter for iPhone</a>, Incredible: @JJWatt has ended his Hurricane Harvey Fund. He raised $35,882,489 -- 179 times his original goal -- fr… https://t.co/kVJnw0jOxr, true, {false, Fri Mar 13 23:11:21 +0000 2009, false, false, ESPN Sports Business Reporter. Instagram: @darrenrovell, 1896, NULL, 1889896, NULL, 2380, true, 24277551, 24277551, false, en, 11715, NYC & Bristol, CT, Darren Rovell, NULL, FF0000, http://pbs.twimg.com/profile_background_images/735955002/3f56ed474f1a65fe20a4df97c9c656e6.png, https://pbs.twimg.com/profile_background_images/735955002/3f56ed474f1a65fe20a4df97c9c656e6.png, true, https://pbs.twimg.com/profile_banners/24277551/1459256465, http://pbs.twimg.com/profile_images/846459635964018688/z_OlS8C3_normal.jpg, https://pbs.twimg.com/profile_images/846459635964018688/z_OlS8C3_normal.jpg, 161A18, FFFFFF, E6EAEF, 333333, true, false, darrenrovell, 129468, Eastern Time (US & Canada), none, http://www.darrenrovell.com, -14400, true}}, 908814511984934912, 908814511984934912, 0, 2, false, NULL, <a href="http://twitter.com/download/iphone" rel="nofollow">Twitter for iPhone</a>, Now he needs somebody to donate a new finger to him https://t.co/oGZ4I5vlTX, false, {false, Wed Jun 17 15:38:54 +0000 2009, false, false, Sports Producer at WBZ-TV, 34962, NULL, 6728, NULL, 4149, false, 47999705, 47999705, false, en, 268, Boston, Joe Giza, NULL, 000000, http://pbs.twimg.com/profile_background_images/165874343/October_27_2010_069__2_.jpg, https://pbs.twimg.com/profile_background_images/165874343/October_27_2010_069__2_.jpg, false, https://pbs.twimg.com/profile_banners/47999705/1476197016, http://pbs.twimg.com/profile_images/725541485500850176/DuGXUBiC_normal.jpg, https://pbs.twimg.com/profile_images/725541485500850176/DuGXUBiC_normal.jpg, 000000, 050505, 5DF060, 000000, true, false, JoeGiza, 37434, Quito, none, http://cbsboston.com, -18000, true}, NULL}|donation_and_volunteering|
+------------------+---------------+--------------------------------------------------------------------------------------------------------------------------------------------+-------------------------------------------------------------------------------------------------------------------------------------------------+------------------------------+-------------------------------------------------------------------------------------------------------------------------------------------------------------------------------------------------------------------------------------------------------------------------------------------------------------------------------------------------------------------------------------------------------------------------------------------------------------------------------------------------------------------------------------------------------------------------------------------------------------------------------------------------------------------------------------------------------------------------------------------------------------------------------------------------------------------------------------------------------------------------------------------------------------------------------------------------------------------------------------------------------------------------------------------------------------------------------------------------------------------------------------------------------------------------------------------------------------------------------------------------------------------------------------------------------------------------------------------------------------------------------------------------------------------------------------------------------------------------------------------------------------------------------------------------------------------------------------------------------------------------------------------------------------------------------------------------------------------------------------------------------------------------------------------------------------------------------------------------------------------------------------------------------------------------------------------------------------------------------------------------------------------------------------------------------------------------------------------------------------------------------------------------------------------------------------------------------------------------------------------------------------------------------------------------------------------------------------------------------------------------------------------------------------------------------------------------------------------------------------------------------------------------------------------------------------------------------------------------------------------------------------------------------------------------------------------------------------------------------------------------------------------------------------------------------------------------------------------------------------------------------------------------------------------------------------------------------------------------------------------------------------------------------------------------------------------------------------------------------------------------------------------------------------------------------------------------------------------------------------------------------------------------------------------------------------------------------------------------------------------------------------------------------------------------------------------------------------------------------------------------------------------------------------------------------------------------------------------------------------------------------------------------------------------------------------------------------------------------------------------------------------------------------------------------------+-------------------------+
only showing top 20 rows

INFO:root:None
INFO:root:SCHEMA DEL DATAFARAME
root
 |-- id: long (nullable = true)
 |-- name: string (nullable = true)
 |-- text: string (nullable = true)
 |-- full_text: string (nullable = true)
 |-- created_at: string (nullable = true)
 |-- retweeted_status: struct (nullable = true)
 |    |-- contributors: array (nullable = true)
 |    |    |-- element: long (containsNull = true)
 |    |-- coordinates: struct (nullable = true)
 |    |    |-- coordinates: array (nullable = true)
 |    |    |    |-- element: double (containsNull = true)
 |    |    |-- type: string (nullable = true)
 |    |-- created_at: string (nullable = true)
 |    |-- display_text_range: array (nullable = true)
 |    |    |-- element: long (containsNull = true)
 |    |-- entities: struct (nullable = true)
 |    |    |-- hashtags: array (nullable = true)
 |    |    |    |-- element: struct (containsNull = true)
 |    |    |    |    |-- indices: array (nullable = true)
 |    |    |    |    |    |-- element: long (containsNull = true)
 |    |    |    |    |-- text: string (nullable = true)
 |    |    |-- media: array (nullable = true)
 |    |    |    |-- element: struct (containsNull = true)
 |    |    |    |    |-- description: string (nullable = true)
 |    |    |    |    |-- display_url: string (nullable = true)
 |    |    |    |    |-- expanded_url: string (nullable = true)
 |    |    |    |    |-- id: long (nullable = true)
 |    |    |    |    |-- id_str: string (nullable = true)
 |    |    |    |    |-- indices: array (nullable = true)
 |    |    |    |    |    |-- element: long (containsNull = true)
 |    |    |    |    |-- media_url: string (nullable = true)
 |    |    |    |    |-- media_url_https: string (nullable = true)
 |    |    |    |    |-- sizes: struct (nullable = true)
 |    |    |    |    |    |-- large: struct (nullable = true)
 |    |    |    |    |    |    |-- h: long (nullable = true)
 |    |    |    |    |    |    |-- resize: string (nullable = true)
 |    |    |    |    |    |    |-- w: long (nullable = true)
 |    |    |    |    |    |-- medium: struct (nullable = true)
 |    |    |    |    |    |    |-- h: long (nullable = true)
 |    |    |    |    |    |    |-- resize: string (nullable = true)
 |    |    |    |    |    |    |-- w: long (nullable = true)
 |    |    |    |    |    |-- small: struct (nullable = true)
 |    |    |    |    |    |    |-- h: long (nullable = true)
 |    |    |    |    |    |    |-- resize: string (nullable = true)
 |    |    |    |    |    |    |-- w: long (nullable = true)
 |    |    |    |    |    |-- thumb: struct (nullable = true)
 |    |    |    |    |    |    |-- h: long (nullable = true)
 |    |    |    |    |    |    |-- resize: string (nullable = true)
 |    |    |    |    |    |    |-- w: long (nullable = true)
 |    |    |    |    |-- source_status_id: long (nullable = true)
 |    |    |    |    |-- source_status_id_str: string (nullable = true)
 |    |    |    |    |-- source_user_id: long (nullable = true)
 |    |    |    |    |-- source_user_id_str: string (nullable = true)
 |    |    |    |    |-- type: string (nullable = true)
 |    |    |    |    |-- url: string (nullable = true)
 |    |    |-- symbols: array (nullable = true)
 |    |    |    |-- element: struct (containsNull = true)
 |    |    |    |    |-- indices: array (nullable = true)
 |    |    |    |    |    |-- element: long (containsNull = true)
 |    |    |    |    |-- text: string (nullable = true)
 |    |    |-- urls: array (nullable = true)
 |    |    |    |-- element: struct (containsNull = true)
 |    |    |    |    |-- display_url: string (nullable = true)
 |    |    |    |    |-- expanded_url: string (nullable = true)
 |    |    |    |    |-- indices: array (nullable = true)
 |    |    |    |    |    |-- element: long (containsNull = true)
 |    |    |    |    |-- url: string (nullable = true)
 |    |    |-- user_mentions: array (nullable = true)
 |    |    |    |-- element: struct (containsNull = true)
 |    |    |    |    |-- id: long (nullable = true)
 |    |    |    |    |-- id_str: string (nullable = true)
 |    |    |    |    |-- indices: array (nullable = true)
 |    |    |    |    |    |-- element: long (containsNull = true)
 |    |    |    |    |-- name: string (nullable = true)
 |    |    |    |    |-- screen_name: string (nullable = true)
 |    |-- extended_entities: struct (nullable = true)
 |    |    |-- media: array (nullable = true)
 |    |    |    |-- element: struct (containsNull = true)
 |    |    |    |    |-- description: string (nullable = true)
 |    |    |    |    |-- display_url: string (nullable = true)
 |    |    |    |    |-- expanded_url: string (nullable = true)
 |    |    |    |    |-- id: long (nullable = true)
 |    |    |    |    |-- id_str: string (nullable = true)
 |    |    |    |    |-- indices: array (nullable = true)
 |    |    |    |    |    |-- element: long (containsNull = true)
 |    |    |    |    |-- media_url: string (nullable = true)
 |    |    |    |    |-- media_url_https: string (nullable = true)
 |    |    |    |    |-- sizes: struct (nullable = true)
 |    |    |    |    |    |-- large: struct (nullable = true)
 |    |    |    |    |    |    |-- h: long (nullable = true)
 |    |    |    |    |    |    |-- resize: string (nullable = true)
 |    |    |    |    |    |    |-- w: long (nullable = true)
 |    |    |    |    |    |-- medium: struct (nullable = true)
 |    |    |    |    |    |    |-- h: long (nullable = true)
 |    |    |    |    |    |    |-- resize: string (nullable = true)
 |    |    |    |    |    |    |-- w: long (nullable = true)
 |    |    |    |    |    |-- small: struct (nullable = true)
 |    |    |    |    |    |    |-- h: long (nullable = true)
 |    |    |    |    |    |    |-- resize: string (nullable = true)
 |    |    |    |    |    |    |-- w: long (nullable = true)
 |    |    |    |    |    |-- thumb: struct (nullable = true)
 |    |    |    |    |    |    |-- h: long (nullable = true)
 |    |    |    |    |    |    |-- resize: string (nullable = true)
 |    |    |    |    |    |    |-- w: long (nullable = true)
 |    |    |    |    |-- source_status_id: long (nullable = true)
 |    |    |    |    |-- source_status_id_str: string (nullable = true)
 |    |    |    |    |-- source_user_id: long (nullable = true)
 |    |    |    |    |-- source_user_id_str: string (nullable = true)
 |    |    |    |    |-- type: string (nullable = true)
 |    |    |    |    |-- url: string (nullable = true)
 |    |    |    |    |-- video_info: struct (nullable = true)
 |    |    |    |    |    |-- aspect_ratio: array (nullable = true)
 |    |    |    |    |    |    |-- element: long (containsNull = true)
 |    |    |    |    |    |-- duration_millis: long (nullable = true)
 |    |    |    |    |    |-- variants: array (nullable = true)
 |    |    |    |    |    |    |-- element: struct (containsNull = true)
 |    |    |    |    |    |    |    |-- bitrate: long (nullable = true)
 |    |    |    |    |    |    |    |-- content_type: string (nullable = true)
 |    |    |    |    |    |    |    |-- url: string (nullable = true)
 |    |-- extended_tweet: struct (nullable = true)
 |    |    |-- display_text_range: array (nullable = true)
 |    |    |    |-- element: long (containsNull = true)
 |    |    |-- entities: struct (nullable = true)
 |    |    |    |-- hashtags: array (nullable = true)
 |    |    |    |    |-- element: struct (containsNull = true)
 |    |    |    |    |    |-- indices: array (nullable = true)
 |    |    |    |    |    |    |-- element: long (containsNull = true)
 |    |    |    |    |    |-- text: string (nullable = true)
 |    |    |    |-- media: array (nullable = true)
 |    |    |    |    |-- element: struct (containsNull = true)
 |    |    |    |    |    |-- description: string (nullable = true)
 |    |    |    |    |    |-- display_url: string (nullable = true)
 |    |    |    |    |    |-- expanded_url: string (nullable = true)
 |    |    |    |    |    |-- id: long (nullable = true)
 |    |    |    |    |    |-- id_str: string (nullable = true)
 |    |    |    |    |    |-- indices: array (nullable = true)
 |    |    |    |    |    |    |-- element: long (containsNull = true)
 |    |    |    |    |    |-- media_url: string (nullable = true)
 |    |    |    |    |    |-- media_url_https: string (nullable = true)
 |    |    |    |    |    |-- sizes: struct (nullable = true)
 |    |    |    |    |    |    |-- large: struct (nullable = true)
 |    |    |    |    |    |    |    |-- h: long (nullable = true)
 |    |    |    |    |    |    |    |-- resize: string (nullable = true)
 |    |    |    |    |    |    |    |-- w: long (nullable = true)
 |    |    |    |    |    |    |-- medium: struct (nullable = true)
 |    |    |    |    |    |    |    |-- h: long (nullable = true)
 |    |    |    |    |    |    |    |-- resize: string (nullable = true)
 |    |    |    |    |    |    |    |-- w: long (nullable = true)
 |    |    |    |    |    |    |-- small: struct (nullable = true)
 |    |    |    |    |    |    |    |-- h: long (nullable = true)
 |    |    |    |    |    |    |    |-- resize: string (nullable = true)
 |    |    |    |    |    |    |    |-- w: long (nullable = true)
 |    |    |    |    |    |    |-- thumb: struct (nullable = true)
 |    |    |    |    |    |    |    |-- h: long (nullable = true)
 |    |    |    |    |    |    |    |-- resize: string (nullable = true)
 |    |    |    |    |    |    |    |-- w: long (nullable = true)
 |    |    |    |    |    |-- type: string (nullable = true)
 |    |    |    |    |    |-- url: string (nullable = true)
 |    |    |    |    |    |-- video_info: struct (nullable = true)
 |    |    |    |    |    |    |-- aspect_ratio: array (nullable = true)
 |    |    |    |    |    |    |    |-- element: long (containsNull = true)
 |    |    |    |    |    |    |-- duration_millis: long (nullable = true)
 |    |    |    |    |    |    |-- variants: array (nullable = true)
 |    |    |    |    |    |    |    |-- element: struct (containsNull = true)
 |    |    |    |    |    |    |    |    |-- bitrate: long (nullable = true)
 |    |    |    |    |    |    |    |    |-- content_type: string (nullable = true)
 |    |    |    |    |    |    |    |    |-- url: string (nullable = true)
 |    |    |    |-- symbols: array (nullable = true)
 |    |    |    |    |-- element: struct (containsNull = true)
 |    |    |    |    |    |-- indices: array (nullable = true)
 |    |    |    |    |    |    |-- element: long (containsNull = true)
 |    |    |    |    |    |-- text: string (nullable = true)
 |    |    |    |-- urls: array (nullable = true)
 |    |    |    |    |-- element: struct (containsNull = true)
 |    |    |    |    |    |-- display_url: string (nullable = true)
 |    |    |    |    |    |-- expanded_url: string (nullable = true)
 |    |    |    |    |    |-- indices: array (nullable = true)
 |    |    |    |    |    |    |-- element: long (containsNull = true)
 |    |    |    |    |    |-- url: string (nullable = true)
 |    |    |    |-- user_mentions: array (nullable = true)
 |    |    |    |    |-- element: struct (containsNull = true)
 |    |    |    |    |    |-- id: long (nullable = true)
 |    |    |    |    |    |-- id_str: string (nullable = true)
 |    |    |    |    |    |-- indices: array (nullable = true)
 |    |    |    |    |    |    |-- element: long (containsNull = true)
 |    |    |    |    |    |-- name: string (nullable = true)
 |    |    |    |    |    |-- screen_name: string (nullable = true)
 |    |    |-- extended_entities: struct (nullable = true)
 |    |    |    |-- media: array (nullable = true)
 |    |    |    |    |-- element: struct (containsNull = true)
 |    |    |    |    |    |-- description: string (nullable = true)
 |    |    |    |    |    |-- display_url: string (nullable = true)
 |    |    |    |    |    |-- expanded_url: string (nullable = true)
 |    |    |    |    |    |-- id: long (nullable = true)
 |    |    |    |    |    |-- id_str: string (nullable = true)
 |    |    |    |    |    |-- indices: array (nullable = true)
 |    |    |    |    |    |    |-- element: long (containsNull = true)
 |    |    |    |    |    |-- media_url: string (nullable = true)
 |    |    |    |    |    |-- media_url_https: string (nullable = true)
 |    |    |    |    |    |-- sizes: struct (nullable = true)
 |    |    |    |    |    |    |-- large: struct (nullable = true)
 |    |    |    |    |    |    |    |-- h: long (nullable = true)
 |    |    |    |    |    |    |    |-- resize: string (nullable = true)
 |    |    |    |    |    |    |    |-- w: long (nullable = true)
 |    |    |    |    |    |    |-- medium: struct (nullable = true)
 |    |    |    |    |    |    |    |-- h: long (nullable = true)
 |    |    |    |    |    |    |    |-- resize: string (nullable = true)
 |    |    |    |    |    |    |    |-- w: long (nullable = true)
 |    |    |    |    |    |    |-- small: struct (nullable = true)
 |    |    |    |    |    |    |    |-- h: long (nullable = true)
 |    |    |    |    |    |    |    |-- resize: string (nullable = true)
 |    |    |    |    |    |    |    |-- w: long (nullable = true)
 |    |    |    |    |    |    |-- thumb: struct (nullable = true)
 |    |    |    |    |    |    |    |-- h: long (nullable = true)
 |    |    |    |    |    |    |    |-- resize: string (nullable = true)
 |    |    |    |    |    |    |    |-- w: long (nullable = true)
 |    |    |    |    |    |-- type: string (nullable = true)
 |    |    |    |    |    |-- url: string (nullable = true)
 |    |    |    |    |    |-- video_info: struct (nullable = true)
 |    |    |    |    |    |    |-- aspect_ratio: array (nullable = true)
 |    |    |    |    |    |    |    |-- element: long (containsNull = true)
 |    |    |    |    |    |    |-- duration_millis: long (nullable = true)
 |    |    |    |    |    |    |-- variants: array (nullable = true)
 |    |    |    |    |    |    |    |-- element: struct (containsNull = true)
 |    |    |    |    |    |    |    |    |-- bitrate: long (nullable = true)
 |    |    |    |    |    |    |    |    |-- content_type: string (nullable = true)
 |    |    |    |    |    |    |    |    |-- url: string (nullable = true)
 |    |    |-- full_text: string (nullable = true)
 |    |-- favorite_count: long (nullable = true)
 |    |-- favorited: boolean (nullable = true)
 |    |-- filter_level: string (nullable = true)
 |    |-- geo: struct (nullable = true)
 |    |    |-- coordinates: array (nullable = true)
 |    |    |    |-- element: double (containsNull = true)
 |    |    |-- type: string (nullable = true)
 |    |-- id: long (nullable = true)
 |    |-- id_str: string (nullable = true)
 |    |-- in_reply_to_screen_name: string (nullable = true)
 |    |-- in_reply_to_status_id: long (nullable = true)
 |    |-- in_reply_to_status_id_str: string (nullable = true)
 |    |-- in_reply_to_user_id: long (nullable = true)
 |    |-- in_reply_to_user_id_str: string (nullable = true)
 |    |-- is_quote_status: boolean (nullable = true)
 |    |-- lang: string (nullable = true)
 |    |-- place: struct (nullable = true)
 |    |    |-- bounding_box: struct (nullable = true)
 |    |    |    |-- coordinates: array (nullable = true)
 |    |    |    |    |-- element: array (containsNull = true)
 |    |    |    |    |    |-- element: array (containsNull = true)
 |    |    |    |    |    |    |-- element: double (containsNull = true)
 |    |    |    |-- type: string (nullable = true)
 |    |    |-- country: string (nullable = true)
 |    |    |-- country_code: string (nullable = true)
 |    |    |-- full_name: string (nullable = true)
 |    |    |-- id: string (nullable = true)
 |    |    |-- name: string (nullable = true)
 |    |    |-- place_type: string (nullable = true)
 |    |    |-- url: string (nullable = true)
 |    |-- possibly_sensitive: boolean (nullable = true)
 |    |-- quote_count: long (nullable = true)
 |    |-- quoted_status: struct (nullable = true)
 |    |    |-- contributors: array (nullable = true)
 |    |    |    |-- element: long (containsNull = true)
 |    |    |-- coordinates: struct (nullable = true)
 |    |    |    |-- coordinates: array (nullable = true)
 |    |    |    |    |-- element: double (containsNull = true)
 |    |    |    |-- type: string (nullable = true)
 |    |    |-- created_at: string (nullable = true)
 |    |    |-- display_text_range: array (nullable = true)
 |    |    |    |-- element: long (containsNull = true)
 |    |    |-- entities: struct (nullable = true)
 |    |    |    |-- hashtags: array (nullable = true)
 |    |    |    |    |-- element: struct (containsNull = true)
 |    |    |    |    |    |-- indices: array (nullable = true)
 |    |    |    |    |    |    |-- element: long (containsNull = true)
 |    |    |    |    |    |-- text: string (nullable = true)
 |    |    |    |-- media: array (nullable = true)
 |    |    |    |    |-- element: struct (containsNull = true)
 |    |    |    |    |    |-- description: string (nullable = true)
 |    |    |    |    |    |-- display_url: string (nullable = true)
 |    |    |    |    |    |-- expanded_url: string (nullable = true)
 |    |    |    |    |    |-- id: long (nullable = true)
 |    |    |    |    |    |-- id_str: string (nullable = true)
 |    |    |    |    |    |-- indices: array (nullable = true)
 |    |    |    |    |    |    |-- element: long (containsNull = true)
 |    |    |    |    |    |-- media_url: string (nullable = true)
 |    |    |    |    |    |-- media_url_https: string (nullable = true)
 |    |    |    |    |    |-- sizes: struct (nullable = true)
 |    |    |    |    |    |    |-- large: struct (nullable = true)
 |    |    |    |    |    |    |    |-- h: long (nullable = true)
 |    |    |    |    |    |    |    |-- resize: string (nullable = true)
 |    |    |    |    |    |    |    |-- w: long (nullable = true)
 |    |    |    |    |    |    |-- medium: struct (nullable = true)
 |    |    |    |    |    |    |    |-- h: long (nullable = true)
 |    |    |    |    |    |    |    |-- resize: string (nullable = true)
 |    |    |    |    |    |    |    |-- w: long (nullable = true)
 |    |    |    |    |    |    |-- small: struct (nullable = true)
 |    |    |    |    |    |    |    |-- h: long (nullable = true)
 |    |    |    |    |    |    |    |-- resize: string (nullable = true)
 |    |    |    |    |    |    |    |-- w: long (nullable = true)
 |    |    |    |    |    |    |-- thumb: struct (nullable = true)
 |    |    |    |    |    |    |    |-- h: long (nullable = true)
 |    |    |    |    |    |    |    |-- resize: string (nullable = true)
 |    |    |    |    |    |    |    |-- w: long (nullable = true)
 |    |    |    |    |    |-- source_status_id: long (nullable = true)
 |    |    |    |    |    |-- source_status_id_str: string (nullable = true)
 |    |    |    |    |    |-- source_user_id: long (nullable = true)
 |    |    |    |    |    |-- source_user_id_str: string (nullable = true)
 |    |    |    |    |    |-- type: string (nullable = true)
 |    |    |    |    |    |-- url: string (nullable = true)
 |    |    |    |-- symbols: array (nullable = true)
 |    |    |    |    |-- element: struct (containsNull = true)
 |    |    |    |    |    |-- indices: array (nullable = true)
 |    |    |    |    |    |    |-- element: long (containsNull = true)
 |    |    |    |    |    |-- text: string (nullable = true)
 |    |    |    |-- urls: array (nullable = true)
 |    |    |    |    |-- element: struct (containsNull = true)
 |    |    |    |    |    |-- display_url: string (nullable = true)
 |    |    |    |    |    |-- expanded_url: string (nullable = true)
 |    |    |    |    |    |-- indices: array (nullable = true)
 |    |    |    |    |    |    |-- element: long (containsNull = true)
 |    |    |    |    |    |-- url: string (nullable = true)
 |    |    |    |-- user_mentions: array (nullable = true)
 |    |    |    |    |-- element: struct (containsNull = true)
 |    |    |    |    |    |-- id: long (nullable = true)
 |    |    |    |    |    |-- id_str: string (nullable = true)
 |    |    |    |    |    |-- indices: array (nullable = true)
 |    |    |    |    |    |    |-- element: long (containsNull = true)
 |    |    |    |    |    |-- name: string (nullable = true)
 |    |    |    |    |    |-- screen_name: string (nullable = true)
 |    |    |-- extended_entities: struct (nullable = true)
 |    |    |    |-- media: array (nullable = true)
 |    |    |    |    |-- element: struct (containsNull = true)
 |    |    |    |    |    |-- description: string (nullable = true)
 |    |    |    |    |    |-- display_url: string (nullable = true)
 |    |    |    |    |    |-- expanded_url: string (nullable = true)
 |    |    |    |    |    |-- id: long (nullable = true)
 |    |    |    |    |    |-- id_str: string (nullable = true)
 |    |    |    |    |    |-- indices: array (nullable = true)
 |    |    |    |    |    |    |-- element: long (containsNull = true)
 |    |    |    |    |    |-- media_url: string (nullable = true)
 |    |    |    |    |    |-- media_url_https: string (nullable = true)
 |    |    |    |    |    |-- sizes: struct (nullable = true)
 |    |    |    |    |    |    |-- large: struct (nullable = true)
 |    |    |    |    |    |    |    |-- h: long (nullable = true)
 |    |    |    |    |    |    |    |-- resize: string (nullable = true)
 |    |    |    |    |    |    |    |-- w: long (nullable = true)
 |    |    |    |    |    |    |-- medium: struct (nullable = true)
 |    |    |    |    |    |    |    |-- h: long (nullable = true)
 |    |    |    |    |    |    |    |-- resize: string (nullable = true)
 |    |    |    |    |    |    |    |-- w: long (nullable = true)
 |    |    |    |    |    |    |-- small: struct (nullable = true)
 |    |    |    |    |    |    |    |-- h: long (nullable = true)
 |    |    |    |    |    |    |    |-- resize: string (nullable = true)
 |    |    |    |    |    |    |    |-- w: long (nullable = true)
 |    |    |    |    |    |    |-- thumb: struct (nullable = true)
 |    |    |    |    |    |    |    |-- h: long (nullable = true)
 |    |    |    |    |    |    |    |-- resize: string (nullable = true)
 |    |    |    |    |    |    |    |-- w: long (nullable = true)
 |    |    |    |    |    |-- source_status_id: long (nullable = true)
 |    |    |    |    |    |-- source_status_id_str: string (nullable = true)
 |    |    |    |    |    |-- source_user_id: long (nullable = true)
 |    |    |    |    |    |-- source_user_id_str: string (nullable = true)
 |    |    |    |    |    |-- type: string (nullable = true)
 |    |    |    |    |    |-- url: string (nullable = true)
 |    |    |    |    |    |-- video_info: struct (nullable = true)
 |    |    |    |    |    |    |-- aspect_ratio: array (nullable = true)
 |    |    |    |    |    |    |    |-- element: long (containsNull = true)
 |    |    |    |    |    |    |-- duration_millis: long (nullable = true)
 |    |    |    |    |    |    |-- variants: array (nullable = true)
 |    |    |    |    |    |    |    |-- element: struct (containsNull = true)
 |    |    |    |    |    |    |    |    |-- bitrate: long (nullable = true)
 |    |    |    |    |    |    |    |    |-- content_type: string (nullable = true)
 |    |    |    |    |    |    |    |    |-- url: string (nullable = true)
 |    |    |-- extended_tweet: struct (nullable = true)
 |    |    |    |-- display_text_range: array (nullable = true)
 |    |    |    |    |-- element: long (containsNull = true)
 |    |    |    |-- entities: struct (nullable = true)
 |    |    |    |    |-- hashtags: array (nullable = true)
 |    |    |    |    |    |-- element: struct (containsNull = true)
 |    |    |    |    |    |    |-- indices: array (nullable = true)
 |    |    |    |    |    |    |    |-- element: long (containsNull = true)
 |    |    |    |    |    |    |-- text: string (nullable = true)
 |    |    |    |    |-- media: array (nullable = true)
 |    |    |    |    |    |-- element: struct (containsNull = true)
 |    |    |    |    |    |    |-- description: string (nullable = true)
 |    |    |    |    |    |    |-- display_url: string (nullable = true)
 |    |    |    |    |    |    |-- expanded_url: string (nullable = true)
 |    |    |    |    |    |    |-- id: long (nullable = true)
 |    |    |    |    |    |    |-- id_str: string (nullable = true)
 |    |    |    |    |    |    |-- indices: array (nullable = true)
 |    |    |    |    |    |    |    |-- element: long (containsNull = true)
 |    |    |    |    |    |    |-- media_url: string (nullable = true)
 |    |    |    |    |    |    |-- media_url_https: string (nullable = true)
 |    |    |    |    |    |    |-- sizes: struct (nullable = true)
 |    |    |    |    |    |    |    |-- large: struct (nullable = true)
 |    |    |    |    |    |    |    |    |-- h: long (nullable = true)
 |    |    |    |    |    |    |    |    |-- resize: string (nullable = true)
 |    |    |    |    |    |    |    |    |-- w: long (nullable = true)
 |    |    |    |    |    |    |    |-- medium: struct (nullable = true)
 |    |    |    |    |    |    |    |    |-- h: long (nullable = true)
 |    |    |    |    |    |    |    |    |-- resize: string (nullable = true)
 |    |    |    |    |    |    |    |    |-- w: long (nullable = true)
 |    |    |    |    |    |    |    |-- small: struct (nullable = true)
 |    |    |    |    |    |    |    |    |-- h: long (nullable = true)
 |    |    |    |    |    |    |    |    |-- resize: string (nullable = true)
 |    |    |    |    |    |    |    |    |-- w: long (nullable = true)
 |    |    |    |    |    |    |    |-- thumb: struct (nullable = true)
 |    |    |    |    |    |    |    |    |-- h: long (nullable = true)
 |    |    |    |    |    |    |    |    |-- resize: string (nullable = true)
 |    |    |    |    |    |    |    |    |-- w: long (nullable = true)
 |    |    |    |    |    |    |-- type: string (nullable = true)
 |    |    |    |    |    |    |-- url: string (nullable = true)
 |    |    |    |    |    |    |-- video_info: struct (nullable = true)
 |    |    |    |    |    |    |    |-- aspect_ratio: array (nullable = true)
 |    |    |    |    |    |    |    |    |-- element: long (containsNull = true)
 |    |    |    |    |    |    |    |-- duration_millis: long (nullable = true)
 |    |    |    |    |    |    |    |-- variants: array (nullable = true)
 |    |    |    |    |    |    |    |    |-- element: struct (containsNull = true)
 |    |    |    |    |    |    |    |    |    |-- bitrate: long (nullable = true)
 |    |    |    |    |    |    |    |    |    |-- content_type: string (nullable = true)
 |    |    |    |    |    |    |    |    |    |-- url: string (nullable = true)
 |    |    |    |    |-- symbols: array (nullable = true)
 |    |    |    |    |    |-- element: struct (containsNull = true)
 |    |    |    |    |    |    |-- indices: array (nullable = true)
 |    |    |    |    |    |    |    |-- element: long (containsNull = true)
 |    |    |    |    |    |    |-- text: string (nullable = true)
 |    |    |    |    |-- urls: array (nullable = true)
 |    |    |    |    |    |-- element: struct (containsNull = true)
 |    |    |    |    |    |    |-- display_url: string (nullable = true)
 |    |    |    |    |    |    |-- expanded_url: string (nullable = true)
 |    |    |    |    |    |    |-- indices: array (nullable = true)
 |    |    |    |    |    |    |    |-- element: long (containsNull = true)
 |    |    |    |    |    |    |-- url: string (nullable = true)
 |    |    |    |    |-- user_mentions: array (nullable = true)
 |    |    |    |    |    |-- element: struct (containsNull = true)
 |    |    |    |    |    |    |-- id: long (nullable = true)
 |    |    |    |    |    |    |-- id_str: string (nullable = true)
 |    |    |    |    |    |    |-- indices: array (nullable = true)
 |    |    |    |    |    |    |    |-- element: long (containsNull = true)
 |    |    |    |    |    |    |-- name: string (nullable = true)
 |    |    |    |    |    |    |-- screen_name: string (nullable = true)
 |    |    |    |-- extended_entities: struct (nullable = true)
 |    |    |    |    |-- media: array (nullable = true)
 |    |    |    |    |    |-- element: struct (containsNull = true)
 |    |    |    |    |    |    |-- description: string (nullable = true)
 |    |    |    |    |    |    |-- display_url: string (nullable = true)
 |    |    |    |    |    |    |-- expanded_url: string (nullable = true)
 |    |    |    |    |    |    |-- id: long (nullable = true)
 |    |    |    |    |    |    |-- id_str: string (nullable = true)
 |    |    |    |    |    |    |-- indices: array (nullable = true)
 |    |    |    |    |    |    |    |-- element: long (containsNull = true)
 |    |    |    |    |    |    |-- media_url: string (nullable = true)
 |    |    |    |    |    |    |-- media_url_https: string (nullable = true)
 |    |    |    |    |    |    |-- sizes: struct (nullable = true)
 |    |    |    |    |    |    |    |-- large: struct (nullable = true)
 |    |    |    |    |    |    |    |    |-- h: long (nullable = true)
 |    |    |    |    |    |    |    |    |-- resize: string (nullable = true)
 |    |    |    |    |    |    |    |    |-- w: long (nullable = true)
 |    |    |    |    |    |    |    |-- medium: struct (nullable = true)
 |    |    |    |    |    |    |    |    |-- h: long (nullable = true)
 |    |    |    |    |    |    |    |    |-- resize: string (nullable = true)
 |    |    |    |    |    |    |    |    |-- w: long (nullable = true)
 |    |    |    |    |    |    |    |-- small: struct (nullable = true)
 |    |    |    |    |    |    |    |    |-- h: long (nullable = true)
 |    |    |    |    |    |    |    |    |-- resize: string (nullable = true)
 |    |    |    |    |    |    |    |    |-- w: long (nullable = true)
 |    |    |    |    |    |    |    |-- thumb: struct (nullable = true)
 |    |    |    |    |    |    |    |    |-- h: long (nullable = true)
 |    |    |    |    |    |    |    |    |-- resize: string (nullable = true)
 |    |    |    |    |    |    |    |    |-- w: long (nullable = true)
 |    |    |    |    |    |    |-- type: string (nullable = true)
 |    |    |    |    |    |    |-- url: string (nullable = true)
 |    |    |    |    |    |    |-- video_info: struct (nullable = true)
 |    |    |    |    |    |    |    |-- aspect_ratio: array (nullable = true)
 |    |    |    |    |    |    |    |    |-- element: long (containsNull = true)
 |    |    |    |    |    |    |    |-- duration_millis: long (nullable = true)
 |    |    |    |    |    |    |    |-- variants: array (nullable = true)
 |    |    |    |    |    |    |    |    |-- element: struct (containsNull = true)
 |    |    |    |    |    |    |    |    |    |-- bitrate: long (nullable = true)
 |    |    |    |    |    |    |    |    |    |-- content_type: string (nullable = true)
 |    |    |    |    |    |    |    |    |    |-- url: string (nullable = true)
 |    |    |    |-- full_text: string (nullable = true)
 |    |    |-- favorite_count: long (nullable = true)
 |    |    |-- favorited: boolean (nullable = true)
 |    |    |-- filter_level: string (nullable = true)
 |    |    |-- geo: struct (nullable = true)
 |    |    |    |-- coordinates: array (nullable = true)
 |    |    |    |    |-- element: double (containsNull = true)
 |    |    |    |-- type: string (nullable = true)
 |    |    |-- id: long (nullable = true)
 |    |    |-- id_str: string (nullable = true)
 |    |    |-- in_reply_to_screen_name: string (nullable = true)
 |    |    |-- in_reply_to_status_id: long (nullable = true)
 |    |    |-- in_reply_to_status_id_str: string (nullable = true)
 |    |    |-- in_reply_to_user_id: long (nullable = true)
 |    |    |-- in_reply_to_user_id_str: string (nullable = true)
 |    |    |-- is_quote_status: boolean (nullable = true)
 |    |    |-- lang: string (nullable = true)
 |    |    |-- place: struct (nullable = true)
 |    |    |    |-- bounding_box: struct (nullable = true)
 |    |    |    |    |-- coordinates: array (nullable = true)
 |    |    |    |    |    |-- element: array (containsNull = true)
 |    |    |    |    |    |    |-- element: array (containsNull = true)
 |    |    |    |    |    |    |    |-- element: double (containsNull = true)
 |    |    |    |    |-- type: string (nullable = true)
 |    |    |    |-- country: string (nullable = true)
 |    |    |    |-- country_code: string (nullable = true)
 |    |    |    |-- full_name: string (nullable = true)
 |    |    |    |-- id: string (nullable = true)
 |    |    |    |-- name: string (nullable = true)
 |    |    |    |-- place_type: string (nullable = true)
 |    |    |    |-- url: string (nullable = true)
 |    |    |-- possibly_sensitive: boolean (nullable = true)
 |    |    |-- quote_count: long (nullable = true)
 |    |    |-- quoted_status_id: long (nullable = true)
 |    |    |-- quoted_status_id_str: string (nullable = true)
 |    |    |-- reply_count: long (nullable = true)
 |    |    |-- retweet_count: long (nullable = true)
 |    |    |-- retweeted: boolean (nullable = true)
 |    |    |-- scopes: struct (nullable = true)
 |    |    |    |-- followers: boolean (nullable = true)
 |    |    |-- source: string (nullable = true)
 |    |    |-- text: string (nullable = true)
 |    |    |-- truncated: boolean (nullable = true)
 |    |    |-- user: struct (nullable = true)
 |    |    |    |-- contributors_enabled: boolean (nullable = true)
 |    |    |    |-- created_at: string (nullable = true)
 |    |    |    |-- default_profile: boolean (nullable = true)
 |    |    |    |-- default_profile_image: boolean (nullable = true)
 |    |    |    |-- description: string (nullable = true)
 |    |    |    |-- favourites_count: long (nullable = true)
 |    |    |    |-- follow_request_sent: string (nullable = true)
 |    |    |    |-- followers_count: long (nullable = true)
 |    |    |    |-- following: string (nullable = true)
 |    |    |    |-- friends_count: long (nullable = true)
 |    |    |    |-- geo_enabled: boolean (nullable = true)
 |    |    |    |-- id: long (nullable = true)
 |    |    |    |-- id_str: string (nullable = true)
 |    |    |    |-- is_translator: boolean (nullable = true)
 |    |    |    |-- lang: string (nullable = true)
 |    |    |    |-- listed_count: long (nullable = true)
 |    |    |    |-- location: string (nullable = true)
 |    |    |    |-- name: string (nullable = true)
 |    |    |    |-- notifications: string (nullable = true)
 |    |    |    |-- profile_background_color: string (nullable = true)
 |    |    |    |-- profile_background_image_url: string (nullable = true)
 |    |    |    |-- profile_background_image_url_https: string (nullable = true)
 |    |    |    |-- profile_background_tile: boolean (nullable = true)
 |    |    |    |-- profile_banner_url: string (nullable = true)
 |    |    |    |-- profile_image_url: string (nullable = true)
 |    |    |    |-- profile_image_url_https: string (nullable = true)
 |    |    |    |-- profile_link_color: string (nullable = true)
 |    |    |    |-- profile_sidebar_border_color: string (nullable = true)
 |    |    |    |-- profile_sidebar_fill_color: string (nullable = true)
 |    |    |    |-- profile_text_color: string (nullable = true)
 |    |    |    |-- profile_use_background_image: boolean (nullable = true)
 |    |    |    |-- protected: boolean (nullable = true)
 |    |    |    |-- screen_name: string (nullable = true)
 |    |    |    |-- statuses_count: long (nullable = true)
 |    |    |    |-- time_zone: string (nullable = true)
 |    |    |    |-- translator_type: string (nullable = true)
 |    |    |    |-- url: string (nullable = true)
 |    |    |    |-- utc_offset: long (nullable = true)
 |    |    |    |-- verified: boolean (nullable = true)
 |    |-- quoted_status_id: long (nullable = true)
 |    |-- quoted_status_id_str: string (nullable = true)
 |    |-- reply_count: long (nullable = true)
 |    |-- retweet_count: long (nullable = true)
 |    |-- retweeted: boolean (nullable = true)
 |    |-- scopes: struct (nullable = true)
 |    |    |-- followers: boolean (nullable = true)
 |    |-- source: string (nullable = true)
 |    |-- text: string (nullable = true)
 |    |-- truncated: boolean (nullable = true)
 |    |-- user: struct (nullable = true)
 |    |    |-- contributors_enabled: boolean (nullable = true)
 |    |    |-- created_at: string (nullable = true)
 |    |    |-- default_profile: boolean (nullable = true)
 |    |    |-- default_profile_image: boolean (nullable = true)
 |    |    |-- description: string (nullable = true)
 |    |    |-- favourites_count: long (nullable = true)
 |    |    |-- follow_request_sent: string (nullable = true)
 |    |    |-- followers_count: long (nullable = true)
 |    |    |-- following: string (nullable = true)
 |    |    |-- friends_count: long (nullable = true)
 |    |    |-- geo_enabled: boolean (nullable = true)
 |    |    |-- id: long (nullable = true)
 |    |    |-- id_str: string (nullable = true)
 |    |    |-- is_translator: boolean (nullable = true)
 |    |    |-- lang: string (nullable = true)
 |    |    |-- listed_count: long (nullable = true)
 |    |    |-- location: string (nullable = true)
 |    |    |-- name: string (nullable = true)
 |    |    |-- notifications: string (nullable = true)
 |    |    |-- profile_background_color: string (nullable = true)
 |    |    |-- profile_background_image_url: string (nullable = true)
 |    |    |-- profile_background_image_url_https: string (nullable = true)
 |    |    |-- profile_background_tile: boolean (nullable = true)
 |    |    |-- profile_banner_url: string (nullable = true)
 |    |    |-- profile_image_url: string (nullable = true)
 |    |    |-- profile_image_url_https: string (nullable = true)
 |    |    |-- profile_link_color: string (nullable = true)
 |    |    |-- profile_sidebar_border_color: string (nullable = true)
 |    |    |-- profile_sidebar_fill_color: string (nullable = true)
 |    |    |-- profile_text_color: string (nullable = true)
 |    |    |-- profile_use_background_image: boolean (nullable = true)
 |    |    |-- protected: boolean (nullable = true)
 |    |    |-- screen_name: string (nullable = true)
 |    |    |-- statuses_count: long (nullable = true)
 |    |    |-- time_zone: string (nullable = true)
 |    |    |-- translator_type: string (nullable = true)
 |    |    |-- url: string (nullable = true)
 |    |    |-- utc_offset: long (nullable = true)
 |    |    |-- verified: boolean (nullable = true)
 |    |-- withheld_in_countries: array (nullable = true)
 |    |    |-- element: string (containsNull = true)
 |-- aidr_label: string (nullable = true)

INFO:root:None
+------------------+------------------------------+-----------------------------------+---------------+
|id                |date                          |aidr_label                         |aidr_confidence|
+------------------+------------------------------+-----------------------------------+---------------+
|901646039463059457|Sun Aug 27 03:22:22 +0000 2017|relevant_information               |0.335666666667 |
|901646039555256320|Sun Aug 27 03:22:22 +0000 2017|not_related_or_irrelevant          |0.15           |
|901646039957962753|Sun Aug 27 03:22:22 +0000 2017|personal                           |0.074          |
|901646039886708736|Sun Aug 27 03:22:22 +0000 2017|not_related_or_irrelevant          |0.15           |
|901646040079663107|Sun Aug 27 03:22:22 +0000 2017|caution_and_advice                 |0.074          |
|901646040511676416|Sun Aug 27 03:22:22 +0000 2017|relevant_information               |0.335666666667 |
|901646040650194944|Sun Aug 27 03:22:22 +0000 2017|sympathy_and_support               |0.135333333333 |
|901646041371602944|Sun Aug 27 03:22:22 +0000 2017|donation_and_volunteering          |0.06           |
|901646041006604288|Sun Aug 27 03:22:22 +0000 2017|caution_and_advice                 |0.074          |
|901646042071875584|Sun Aug 27 03:22:22 +0000 2017|relevant_information               |0.335666666667 |
|901646042612940801|Sun Aug 27 03:22:22 +0000 2017|sympathy_and_support               |0.135333333333 |
|901646042516647936|Sun Aug 27 03:22:22 +0000 2017|sympathy_and_support               |0.135333333333 |
|901646042579468288|Sun Aug 27 03:22:22 +0000 2017|infrastructure_and_utilities_damage|0.022          |
|901646042680238080|Sun Aug 27 03:22:23 +0000 2017|sympathy_and_support               |0.135333333333 |
|901646042697007104|Sun Aug 27 03:22:23 +0000 2017|not_related_or_irrelevant          |0.15           |
|901646042642481153|Sun Aug 27 03:22:22 +0000 2017|not_related_or_irrelevant          |0.15           |
|901646042801725440|Sun Aug 27 03:22:23 +0000 2017|sympathy_and_support               |0.135333333333 |
|901646044106248192|Sun Aug 27 03:22:23 +0000 2017|sympathy_and_support               |0.135333333333 |
|901646044395655169|Sun Aug 27 03:22:23 +0000 2017|not_related_or_irrelevant          |0.15           |
|901646044760600578|Sun Aug 27 03:22:23 +0000 2017|relevant_information               |0.335666666667 |
+------------------+------------------------------+-----------------------------------+---------------+
only showing top 20 rows

INFO:root:None
root
 |-- id: long (nullable = true)
 |-- date: string (nullable = true)
 |-- aidr_label: string (nullable = true)
 |-- aidr_confidence: string (nullable = true)

INFO:py4j.clientserver:Closing down clientserver connection
